ARM Linker, 5.03 [Build 24] [MDK-ARM Standard]

==============================================================================

Section Cross References

    startup_stm32f10x_hd.o(RESET) refers to startup_stm32f10x_hd.o(STACK) for __initial_sp
    startup_stm32f10x_hd.o(RESET) refers to startup_stm32f10x_hd.o(.text) for Reset_Handler
    startup_stm32f10x_hd.o(RESET) refers to timer.o(.text) for TIM2_IRQHandler
    startup_stm32f10x_hd.o(RESET) refers to uart.o(.text) for USART2_IRQHandler
    startup_stm32f10x_hd.o(.text) refers to system_stm32f10x.o(.text) for SystemInit
    startup_stm32f10x_hd.o(.text) refers to entry.o(.ARM.Collect$$$$00000000) for __main
    stm32f10x_gpio.o(.text) refers to stm32f10x_rcc.o(.text) for RCC_APB2PeriphResetCmd
    stm32f10x_rcc.o(.text) refers to stm32f10x_rcc.o(.data) for APBAHBPrescTable
    stm32f10x_usart.o(.text) refers to stm32f10x_rcc.o(.text) for RCC_APB2PeriphResetCmd
    stm32f10x_tim.o(.text) refers to stm32f10x_rcc.o(.text) for RCC_APB2PeriphResetCmd
    system_stm32f10x.o(.text) refers to system_stm32f10x.o(.data) for SystemCoreClock
    main.o(.text) refers to memseta.o(.text) for __aeabi_memclr4
    main.o(.text) refers to bsp.o(.text) for bsp_init
    main.o(.text) refers to timer.o(.text) for delay_1ms
    main.o(.text) refers to gprs.o(.text) for gprs_init
    main.o(.text) refers to ftp.o(.text) for ftp_download_ini
    main.o(.text) refers to flash.o(.text) for flash_page_erase
    main.o(.text) refers to updata.o(.text) for get_app_check_sum
    main.o(.text) refers to common.o(.text) for itoa
    main.o(.text) refers to gprs.o(.data) for gprs_status
    uart.o(.text) refers to stm32f10x_usart.o(.text) for USART_GetITStatus
    uart.o(.text) refers to memcpya.o(.text) for __aeabi_memcpy
    uart.o(.text) refers to common.o(.text) for itoa
    uart.o(.text) refers to gprs.o(.data) for send_at_flag
    uart.o(.text) refers to uart.o(.data) for rece_over_flag
    uart.o(.text) refers to timer.o(.bss) for g_tim_cnt
    uart.o(.data) refers to uart.o(.bss) for sb
    common.o(.text) refers to strstr.o(.text) for strstr
    common.o(.text) refers to strlen.o(.text) for strlen
    common.o(.text) refers to memcmp.o(.text) for memcmp
    common.o(.text) refers to memcpya.o(.text) for __aeabi_memcpy
    flash.o(.text) refers to stm32f10x_flash.o(.text) for FLASH_Unlock
    updata.o(.text) refers to flash.o(.text) for flash_read_data
    updata.o(.text) refers to atoi.o(.text) for atoi
    gprs.o(.text) refers to memseta.o(.text) for __aeabi_memclr4
    gprs.o(.text) refers to uart.o(.text) for receive_data
    gprs.o(.text) refers to strstr.o(.text) for strstr
    gprs.o(.text) refers to timer.o(.text) for delay_1ms
    gprs.o(.text) refers to bsp.o(.text) for gprs_config
    gprs.o(.text) refers to gprs.o(.data) for send_at_flag
    gprs.o(.text) refers to uart.o(.data) for rece_buff2
    gprs.o(.text) refers to timer.o(.bss) for g_tim_cnt
    ftp.o(.text) refers to memseta.o(.text) for __aeabi_memclr4
    ftp.o(.text) refers to uart.o(.text) for receive_data
    ftp.o(.text) refers to strstr.o(.text) for strstr
    ftp.o(.text) refers to common.o(.text) for str_picked
    ftp.o(.text) refers to atoi.o(.text) for atoi
    ftp.o(.text) refers to timer.o(.text) for delay_1ms
    ftp.o(.text) refers to strcat.o(.text) for strcat
    ftp.o(.text) refers to bsp.o(.text) for iwatchdog_clear
    ftp.o(.text) refers to flash.o(.text) for flash_write_data
    ftp.o(.text) refers to gprs.o(.data) for send_at_flag
    ftp.o(.text) refers to uart.o(.data) for rece_buff2
    ftp.o(.text) refers to timer.o(.bss) for g_tim_cnt
    timer.o(.text) refers to stm32f10x_tim.o(.text) for TIM_GetITStatus
    timer.o(.text) refers to stm32f10x_gpio.o(.text) for GPIO_ResetBits
    timer.o(.text) refers to timer.o(.data) for g_delay_cnt
    timer.o(.text) refers to timer.o(.bss) for g_tim_cnt
    bsp.o(.text) refers to stm32f10x_rcc.o(.text) for RCC_DeInit
    bsp.o(.text) refers to stm32f10x_flash.o(.text) for FLASH_PrefetchBufferCmd
    bsp.o(.text) refers to stm32f10x_iwdg.o(.text) for IWDG_WriteAccessCmd
    bsp.o(.text) refers to stm32f10x_gpio.o(.text) for GPIO_PinRemapConfig
    bsp.o(.text) refers to stm32f10x_tim.o(.text) for TIM_DeInit
    bsp.o(.text) refers to timer.o(.text) for delay_1ms
    bsp.o(.text) refers to stm32f10x_usart.o(.text) for USART_DeInit
    bsp.o(.text) refers to misc.o(.text) for NVIC_DeInit
    entry.o(.ARM.Collect$$$$00000000) refers (Special) to entry10a.o(.ARM.Collect$$$$0000000D) for __rt_final_cpp
    entry.o(.ARM.Collect$$$$00000000) refers (Special) to entry11a.o(.ARM.Collect$$$$0000000F) for __rt_final_exit
    entry.o(.ARM.Collect$$$$00000000) refers (Special) to entry7b.o(.ARM.Collect$$$$00000008) for _main_clock
    entry.o(.ARM.Collect$$$$00000000) refers (Special) to entry8b.o(.ARM.Collect$$$$0000000A) for _main_cpp_init
    entry.o(.ARM.Collect$$$$00000000) refers (Special) to entry9a.o(.ARM.Collect$$$$0000000B) for _main_init
    entry.o(.ARM.Collect$$$$00000000) refers (Special) to entry5.o(.ARM.Collect$$$$00000004) for _main_scatterload
    entry.o(.ARM.Collect$$$$00000000) refers (Special) to entry2.o(.ARM.Collect$$$$00000001) for _main_stk
    atoi.o(.text) refers to errno.o(i.__aeabi_errno_addr) for __aeabi_errno_addr
    atoi.o(.text) refers to strtol.o(.text) for strtol
    entry2.o(.ARM.Collect$$$$00000001) refers to entry2.o(.ARM.Collect$$$$00002712) for __lit__00000000
    entry2.o(.ARM.Collect$$$$00002712) refers to startup_stm32f10x_hd.o(STACK) for __initial_sp
    entry2.o(__vectab_stack_and_reset_area) refers to startup_stm32f10x_hd.o(STACK) for __initial_sp
    entry2.o(__vectab_stack_and_reset_area) refers to entry.o(.ARM.Collect$$$$00000000) for __main
    entry5.o(.ARM.Collect$$$$00000004) refers to init.o(.text) for __scatterload
    entry9a.o(.ARM.Collect$$$$0000000B) refers to main.o(.text) for main
    entry9b.o(.ARM.Collect$$$$0000000C) refers to main.o(.text) for main
    errno.o(i.__aeabi_errno_addr) refers to errno.o(.data) for .data
    errno.o(i.__read_errno) refers to errno.o(.data) for .data
    errno.o(i.__set_errno) refers to errno.o(.data) for .data
    strtol.o(.text) refers to ctype_o.o(.text) for __rt_ctype_table
    strtol.o(.text) refers to _strtoul.o(.text) for _strtoul
    strtol.o(.text) refers to errno.o(i.__aeabi_errno_addr) for __aeabi_errno_addr
    init.o(.text) refers to entry5.o(.ARM.Collect$$$$00000004) for __main_after_scatterload
    ctype_o.o(.text) refers to ctype_o.o(.constdata) for .constdata
    ctype_o.o(.constdata) refers to ctype_o.o(.constdata) for __ctype_table
    isalnum_o.o(.text) refers to ctype_o.o(.text) for __rt_ctype_table
    isalpha_o.o(.text) refers to ctype_o.o(.text) for __rt_ctype_table
    isblank_o.o(.text) refers to ctype_o.o(.constdata) for __ctype_table
    iscntrl_o.o(.text) refers to ctype_o.o(.text) for __rt_ctype_table
    isdigit_o.o(.text) refers to ctype_o.o(.text) for __rt_ctype_table
    isgraph_o.o(.text) refers to ctype_o.o(.text) for __rt_ctype_table
    islower_o.o(.text) refers to ctype_o.o(.text) for __rt_ctype_table
    isprint_o.o(.text) refers to ctype_o.o(.text) for __rt_ctype_table
    ispunct_o.o(.text) refers to ctype_o.o(.text) for __rt_ctype_table
    isspace_o.o(.text) refers to ctype_o.o(.text) for __rt_ctype_table
    isupper_o.o(.text) refers to ctype_o.o(.text) for __rt_ctype_table
    isxdigit_o.o(.text) refers to ctype_o.o(.text) for __rt_ctype_table
    _strtoul.o(.text) refers to _chval.o(.text) for _chval
    _strtoul.o(.text) refers to errno.o(i.__aeabi_errno_addr) for __aeabi_errno_addr


==============================================================================

Removing Unused input sections from the image.

    Removing startup_stm32f10x_hd.o(HEAP), (512 bytes).
    Removing core_cm3.o(.emb_text), (32 bytes).

2 unused section(s) (total 544 bytes) removed from the image.

==============================================================================

Image Symbol Table

    Local Symbols

    Symbol Name                              Value     Ov Type        Size  Object(Section)

    ../clib/microlib/ctype/ctype.c           0x00000000   Number         0  isxdigit_o.o ABSOLUTE
    ../clib/microlib/ctype/ctype.c           0x00000000   Number         0  iscntrl_o.o ABSOLUTE
    ../clib/microlib/ctype/ctype.c           0x00000000   Number         0  ctype_o.o ABSOLUTE
    ../clib/microlib/ctype/ctype.c           0x00000000   Number         0  isalnum_o.o ABSOLUTE
    ../clib/microlib/ctype/ctype.c           0x00000000   Number         0  isalpha_o.o ABSOLUTE
    ../clib/microlib/ctype/ctype.c           0x00000000   Number         0  isblank_o.o ABSOLUTE
    ../clib/microlib/ctype/ctype.c           0x00000000   Number         0  isdigit_o.o ABSOLUTE
    ../clib/microlib/ctype/ctype.c           0x00000000   Number         0  isgraph_o.o ABSOLUTE
    ../clib/microlib/ctype/ctype.c           0x00000000   Number         0  isprint_o.o ABSOLUTE
    ../clib/microlib/ctype/ctype.c           0x00000000   Number         0  islower_o.o ABSOLUTE
    ../clib/microlib/ctype/ctype.c           0x00000000   Number         0  ispunct_o.o ABSOLUTE
    ../clib/microlib/ctype/ctype.c           0x00000000   Number         0  isspace_o.o ABSOLUTE
    ../clib/microlib/ctype/ctype.c           0x00000000   Number         0  isupper_o.o ABSOLUTE
    ../clib/microlib/errno.c                 0x00000000   Number         0  errno.o ABSOLUTE
    ../clib/microlib/init/entry.s            0x00000000   Number         0  entry8b.o ABSOLUTE
    ../clib/microlib/init/entry.s            0x00000000   Number         0  entry8a.o ABSOLUTE
    ../clib/microlib/init/entry.s            0x00000000   Number         0  entry7b.o ABSOLUTE
    ../clib/microlib/init/entry.s            0x00000000   Number         0  entry5.o ABSOLUTE
    ../clib/microlib/init/entry.s            0x00000000   Number         0  entry10b.o ABSOLUTE
    ../clib/microlib/init/entry.s            0x00000000   Number         0  entry2.o ABSOLUTE
    ../clib/microlib/init/entry.s            0x00000000   Number         0  entry11b.o ABSOLUTE
    ../clib/microlib/init/entry.s            0x00000000   Number         0  entry11a.o ABSOLUTE
    ../clib/microlib/init/entry.s            0x00000000   Number         0  entry.o ABSOLUTE
    ../clib/microlib/init/entry.s            0x00000000   Number         0  entry10a.o ABSOLUTE
    ../clib/microlib/init/entry.s            0x00000000   Number         0  entry9b.o ABSOLUTE
    ../clib/microlib/init/entry.s            0x00000000   Number         0  entry7a.o ABSOLUTE
    ../clib/microlib/init/entry.s            0x00000000   Number         0  entry9a.o ABSOLUTE
    ../clib/microlib/string/memcmp.c         0x00000000   Number         0  memcmp.o ABSOLUTE
    ../clib/microlib/string/memcpy.c         0x00000000   Number         0  memcpyb.o ABSOLUTE
    ../clib/microlib/string/memcpy.c         0x00000000   Number         0  memcpya.o ABSOLUTE
    ../clib/microlib/string/memset.c         0x00000000   Number         0  memseta.o ABSOLUTE
    ../clib/microlib/string/strcat.c         0x00000000   Number         0  strcat.o ABSOLUTE
    ../clib/microlib/string/strlen.c         0x00000000   Number         0  strlen.o ABSOLUTE
    ../clib/microlib/string/strstr.c         0x00000000   Number         0  strstr.o ABSOLUTE
    ../clib/scanf.c                          0x00000000   Number         0  _chval.o ABSOLUTE
    ../clib/scanf.c                          0x00000000   Number         0  strtol.o ABSOLUTE
    ../clib/scanf.c                          0x00000000   Number         0  atoi.o ABSOLUTE
    ../clib/scanf.c                          0x00000000   Number         0  _strtoul.o ABSOLUTE
    CM3\\core_cm3.c                          0x00000000   Number         0  core_cm3.o ABSOLUTE
    CM3\core_cm3.c                           0x00000000   Number         0  core_cm3.o ABSOLUTE
    CM3\system_stm32f10x.c                   0x00000000   Number         0  system_stm32f10x.o ABSOLUTE
    FWlib\SRC\stm32f10x_flash.c              0x00000000   Number         0  stm32f10x_flash.o ABSOLUTE
    FWlib\SRC\stm32f10x_gpio.c               0x00000000   Number         0  stm32f10x_gpio.o ABSOLUTE
    FWlib\SRC\stm32f10x_iwdg.c               0x00000000   Number         0  stm32f10x_iwdg.o ABSOLUTE
    FWlib\SRC\stm32f10x_rcc.c                0x00000000   Number         0  stm32f10x_rcc.o ABSOLUTE
    FWlib\SRC\stm32f10x_tim.c                0x00000000   Number         0  stm32f10x_tim.o ABSOLUTE
    FWlib\SRC\stm32f10x_usart.c              0x00000000   Number         0  stm32f10x_usart.o ABSOLUTE
    FWlib\src\misc.c                         0x00000000   Number         0  misc.o ABSOLUTE
    app\common.c                             0x00000000   Number         0  common.o ABSOLUTE
    app\flash.c                              0x00000000   Number         0  flash.o ABSOLUTE
    app\ftp.c                                0x00000000   Number         0  ftp.o ABSOLUTE
    app\gprs.c                               0x00000000   Number         0  gprs.o ABSOLUTE
    app\main.c                               0x00000000   Number         0  main.o ABSOLUTE
    app\timer.c                              0x00000000   Number         0  timer.o ABSOLUTE
    app\uart.c                               0x00000000   Number         0  uart.o ABSOLUTE
    app\updata.c                             0x00000000   Number         0  updata.o ABSOLUTE
    bsp\bsp.c                                0x00000000   Number         0  bsp.o ABSOLUTE
    dc.s                                     0x00000000   Number         0  dc.o ABSOLUTE
    handlers.s                               0x00000000   Number         0  handlers.o ABSOLUTE
    init.s                                   0x00000000   Number         0  init.o ABSOLUTE
    startup\startup_stm32f10x_hd.s           0x00000000   Number         0  startup_stm32f10x_hd.o ABSOLUTE
    RESET                                    0x08000000   Section      304  startup_stm32f10x_hd.o(RESET)
    .ARM.Collect$$$$00000000                 0x08000130   Section        0  entry.o(.ARM.Collect$$$$00000000)
    .ARM.Collect$$$$00000001                 0x08000130   Section        4  entry2.o(.ARM.Collect$$$$00000001)
    .ARM.Collect$$$$00000004                 0x08000134   Section        4  entry5.o(.ARM.Collect$$$$00000004)
    .ARM.Collect$$$$00000008                 0x08000138   Section        0  entry7b.o(.ARM.Collect$$$$00000008)
    .ARM.Collect$$$$0000000A                 0x08000138   Section        0  entry8b.o(.ARM.Collect$$$$0000000A)
    .ARM.Collect$$$$0000000B                 0x08000138   Section        8  entry9a.o(.ARM.Collect$$$$0000000B)
    .ARM.Collect$$$$0000000D                 0x08000140   Section        0  entry10a.o(.ARM.Collect$$$$0000000D)
    .ARM.Collect$$$$0000000F                 0x08000140   Section        0  entry11a.o(.ARM.Collect$$$$0000000F)
    .ARM.Collect$$$$00002712                 0x08000140   Section        4  entry2.o(.ARM.Collect$$$$00002712)
    __lit__00000000                          0x08000140   Data           4  entry2.o(.ARM.Collect$$$$00002712)
    .text                                    0x08000144   Section       36  startup_stm32f10x_hd.o(.text)
    .text                                    0x08000168   Section        0  stm32f10x_gpio.o(.text)
    .text                                    0x080004c0   Section        0  stm32f10x_rcc.o(.text)
    .text                                    0x0800086c   Section        0  stm32f10x_flash.o(.text)
    .text                                    0x08000e28   Section        0  stm32f10x_usart.o(.text)
    .text                                    0x08001230   Section        0  misc.o(.text)
    .text                                    0x0800134c   Section        0  stm32f10x_tim.o(.text)
    TI4_Config                               0x080017f3   Thumb Code   130  stm32f10x_tim.o(.text)
    TI3_Config                               0x08001887   Thumb Code   122  stm32f10x_tim.o(.text)
    TI2_Config                               0x0800191b   Thumb Code   130  stm32f10x_tim.o(.text)
    TI1_Config                               0x080019af   Thumb Code   108  stm32f10x_tim.o(.text)
    .text                                    0x08002168   Section        0  stm32f10x_iwdg.o(.text)
    .text                                    0x080021a8   Section        0  system_stm32f10x.o(.text)
    SetSysClockTo72                          0x080021a9   Thumb Code   212  system_stm32f10x.o(.text)
    SetSysClock                              0x0800227d   Thumb Code     8  system_stm32f10x.o(.text)
    .text                                    0x0800238c   Section        0  main.o(.text)
    .text                                    0x080024a0   Section        0  uart.o(.text)
    .text                                    0x08002680   Section        0  common.o(.text)
    .text                                    0x0800284c   Section        0  flash.o(.text)
    .text                                    0x08002910   Section        0  updata.o(.text)
    .text                                    0x0800296c   Section        0  gprs.o(.text)
    .text                                    0x08002ce4   Section        0  ftp.o(.text)
    .text                                    0x080031f8   Section        0  timer.o(.text)
    .text                                    0x080032b4   Section        0  bsp.o(.text)
    .text                                    0x0800356c   Section        0  memcpya.o(.text)
    .text                                    0x08003590   Section        0  memseta.o(.text)
    .text                                    0x080035b4   Section        0  strcat.o(.text)
    .text                                    0x080035cc   Section        0  strstr.o(.text)
    .text                                    0x080035f0   Section        0  strlen.o(.text)
    .text                                    0x080035fe   Section        0  memcmp.o(.text)
    .text                                    0x08003618   Section        0  atoi.o(.text)
    .text                                    0x08003632   Section        0  strtol.o(.text)
    .text                                    0x080036a4   Section       36  init.o(.text)
    .text                                    0x080036c8   Section        0  ctype_o.o(.text)
    .text                                    0x080036d0   Section        0  _strtoul.o(.text)
    .text                                    0x0800376e   Section        0  _chval.o(.text)
    i.__aeabi_errno_addr                     0x0800378c   Section        0  errno.o(i.__aeabi_errno_addr)
    i.__scatterload_copy                     0x08003794   Section       14  handlers.o(i.__scatterload_copy)
    i.__scatterload_null                     0x080037a2   Section        2  handlers.o(i.__scatterload_null)
    i.__scatterload_zeroinit                 0x080037a4   Section       14  handlers.o(i.__scatterload_zeroinit)
    .constdata                               0x080037b2   Section      129  ctype_o.o(.constdata)
    .constdata                               0x08003834   Section        4  ctype_o.o(.constdata)
    table                                    0x08003834   Data           4  ctype_o.o(.constdata)
    .data                                    0x20000000   Section       20  stm32f10x_rcc.o(.data)
    APBAHBPrescTable                         0x20000000   Data          16  stm32f10x_rcc.o(.data)
    ADCPrescTable                            0x20000010   Data           4  stm32f10x_rcc.o(.data)
    .data                                    0x20000014   Section       20  system_stm32f10x.o(.data)
    .data                                    0x20000028   Section        5  uart.o(.data)
    .data                                    0x2000002d   Section        2  gprs.o(.data)
    .data                                    0x20000030   Section        8  timer.o(.data)
    .data                                    0x20000038   Section        4  errno.o(.data)
    _errno                                   0x20000038   Data           4  errno.o(.data)
    .bss                                     0x2000003c   Section      514  uart.o(.bss)
    sb                                       0x2000003c   Data         514  uart.o(.bss)
    .bss                                     0x20000240   Section       36  timer.o(.bss)
    STACK                                    0x20000268   Section     1024  startup_stm32f10x_hd.o(STACK)

    Global Symbols

    Symbol Name                              Value     Ov Type        Size  Object(Section)

    BuildAttributes$$THM_ISAv4$P$D$K$B$S$PE$A:L22UL41UL21$X:L11$S22US41US21$IEEE1$IW$USESV6$~STKCKD$USESV7$~SHL$OSPACE$EBA8$MICROLIB$REQ8$PRES8$EABIv2 0x00000000   Number         0  anon$$obj.o ABSOLUTE
    __ARM_use_no_argv                        0x00000000   Number         0  main.o ABSOLUTE
    __cpp_initialize__aeabi_                  - Undefined Weak Reference
    __cxa_finalize                            - Undefined Weak Reference
    __decompress                              - Undefined Weak Reference
    _clock_init                               - Undefined Weak Reference
    _microlib_exit                            - Undefined Weak Reference
    __Vectors_Size                           0x00000130   Number         0  startup_stm32f10x_hd.o ABSOLUTE
    __Vectors                                0x08000000   Data           4  startup_stm32f10x_hd.o(RESET)
    __Vectors_End                            0x08000130   Data           0  startup_stm32f10x_hd.o(RESET)
    __main                                   0x08000131   Thumb Code     0  entry.o(.ARM.Collect$$$$00000000)
    _main_stk                                0x08000131   Thumb Code     0  entry2.o(.ARM.Collect$$$$00000001)
    _main_scatterload                        0x08000135   Thumb Code     0  entry5.o(.ARM.Collect$$$$00000004)
    __main_after_scatterload                 0x08000139   Thumb Code     0  entry5.o(.ARM.Collect$$$$00000004)
    _main_clock                              0x08000139   Thumb Code     0  entry7b.o(.ARM.Collect$$$$00000008)
    _main_cpp_init                           0x08000139   Thumb Code     0  entry8b.o(.ARM.Collect$$$$0000000A)
    _main_init                               0x08000139   Thumb Code     0  entry9a.o(.ARM.Collect$$$$0000000B)
    __rt_final_cpp                           0x08000141   Thumb Code     0  entry10a.o(.ARM.Collect$$$$0000000D)
    __rt_final_exit                          0x08000141   Thumb Code     0  entry11a.o(.ARM.Collect$$$$0000000F)
    Reset_Handler                            0x08000145   Thumb Code     8  startup_stm32f10x_hd.o(.text)
    NMI_Handler                              0x0800014d   Thumb Code     2  startup_stm32f10x_hd.o(.text)
    HardFault_Handler                        0x0800014f   Thumb Code     2  startup_stm32f10x_hd.o(.text)
    MemManage_Handler                        0x08000151   Thumb Code     2  startup_stm32f10x_hd.o(.text)
    BusFault_Handler                         0x08000153   Thumb Code     2  startup_stm32f10x_hd.o(.text)
    UsageFault_Handler                       0x08000155   Thumb Code     2  startup_stm32f10x_hd.o(.text)
    SVC_Handler                              0x08000157   Thumb Code     2  startup_stm32f10x_hd.o(.text)
    DebugMon_Handler                         0x08000159   Thumb Code     2  startup_stm32f10x_hd.o(.text)
    PendSV_Handler                           0x0800015b   Thumb Code     2  startup_stm32f10x_hd.o(.text)
    SysTick_Handler                          0x0800015d   Thumb Code     2  startup_stm32f10x_hd.o(.text)
    ADC1_2_IRQHandler                        0x0800015f   Thumb Code     0  startup_stm32f10x_hd.o(.text)
    ADC3_IRQHandler                          0x0800015f   Thumb Code     0  startup_stm32f10x_hd.o(.text)
    CAN1_RX1_IRQHandler                      0x0800015f   Thumb Code     0  startup_stm32f10x_hd.o(.text)
    CAN1_SCE_IRQHandler                      0x0800015f   Thumb Code     0  startup_stm32f10x_hd.o(.text)
    DMA1_Channel1_IRQHandler                 0x0800015f   Thumb Code     0  startup_stm32f10x_hd.o(.text)
    DMA1_Channel2_IRQHandler                 0x0800015f   Thumb Code     0  startup_stm32f10x_hd.o(.text)
    DMA1_Channel3_IRQHandler                 0x0800015f   Thumb Code     0  startup_stm32f10x_hd.o(.text)
    DMA1_Channel4_IRQHandler                 0x0800015f   Thumb Code     0  startup_stm32f10x_hd.o(.text)
    DMA1_Channel5_IRQHandler                 0x0800015f   Thumb Code     0  startup_stm32f10x_hd.o(.text)
    DMA1_Channel6_IRQHandler                 0x0800015f   Thumb Code     0  startup_stm32f10x_hd.o(.text)
    DMA1_Channel7_IRQHandler                 0x0800015f   Thumb Code     0  startup_stm32f10x_hd.o(.text)
    DMA2_Channel1_IRQHandler                 0x0800015f   Thumb Code     0  startup_stm32f10x_hd.o(.text)
    DMA2_Channel2_IRQHandler                 0x0800015f   Thumb Code     0  startup_stm32f10x_hd.o(.text)
    DMA2_Channel3_IRQHandler                 0x0800015f   Thumb Code     0  startup_stm32f10x_hd.o(.text)
    DMA2_Channel4_5_IRQHandler               0x0800015f   Thumb Code     0  startup_stm32f10x_hd.o(.text)
    EXTI0_IRQHandler                         0x0800015f   Thumb Code     0  startup_stm32f10x_hd.o(.text)
    EXTI15_10_IRQHandler                     0x0800015f   Thumb Code     0  startup_stm32f10x_hd.o(.text)
    EXTI1_IRQHandler                         0x0800015f   Thumb Code     0  startup_stm32f10x_hd.o(.text)
    EXTI2_IRQHandler                         0x0800015f   Thumb Code     0  startup_stm32f10x_hd.o(.text)
    EXTI3_IRQHandler                         0x0800015f   Thumb Code     0  startup_stm32f10x_hd.o(.text)
    EXTI4_IRQHandler                         0x0800015f   Thumb Code     0  startup_stm32f10x_hd.o(.text)
    EXTI9_5_IRQHandler                       0x0800015f   Thumb Code     0  startup_stm32f10x_hd.o(.text)
    FLASH_IRQHandler                         0x0800015f   Thumb Code     0  startup_stm32f10x_hd.o(.text)
    FSMC_IRQHandler                          0x0800015f   Thumb Code     0  startup_stm32f10x_hd.o(.text)
    I2C1_ER_IRQHandler                       0x0800015f   Thumb Code     0  startup_stm32f10x_hd.o(.text)
    I2C1_EV_IRQHandler                       0x0800015f   Thumb Code     0  startup_stm32f10x_hd.o(.text)
    I2C2_ER_IRQHandler                       0x0800015f   Thumb Code     0  startup_stm32f10x_hd.o(.text)
    I2C2_EV_IRQHandler                       0x0800015f   Thumb Code     0  startup_stm32f10x_hd.o(.text)
    PVD_IRQHandler                           0x0800015f   Thumb Code     0  startup_stm32f10x_hd.o(.text)
    RCC_IRQHandler                           0x0800015f   Thumb Code     0  startup_stm32f10x_hd.o(.text)
    RTCAlarm_IRQHandler                      0x0800015f   Thumb Code     0  startup_stm32f10x_hd.o(.text)
    RTC_IRQHandler                           0x0800015f   Thumb Code     0  startup_stm32f10x_hd.o(.text)
    SDIO_IRQHandler                          0x0800015f   Thumb Code     0  startup_stm32f10x_hd.o(.text)
    SPI1_IRQHandler                          0x0800015f   Thumb Code     0  startup_stm32f10x_hd.o(.text)
    SPI2_IRQHandler                          0x0800015f   Thumb Code     0  startup_stm32f10x_hd.o(.text)
    SPI3_IRQHandler                          0x0800015f   Thumb Code     0  startup_stm32f10x_hd.o(.text)
    TAMPER_IRQHandler                        0x0800015f   Thumb Code     0  startup_stm32f10x_hd.o(.text)
    TIM1_BRK_IRQHandler                      0x0800015f   Thumb Code     0  startup_stm32f10x_hd.o(.text)
    TIM1_CC_IRQHandler                       0x0800015f   Thumb Code     0  startup_stm32f10x_hd.o(.text)
    TIM1_TRG_COM_IRQHandler                  0x0800015f   Thumb Code     0  startup_stm32f10x_hd.o(.text)
    TIM1_UP_IRQHandler                       0x0800015f   Thumb Code     0  startup_stm32f10x_hd.o(.text)
    TIM3_IRQHandler                          0x0800015f   Thumb Code     0  startup_stm32f10x_hd.o(.text)
    TIM4_IRQHandler                          0x0800015f   Thumb Code     0  startup_stm32f10x_hd.o(.text)
    TIM5_IRQHandler                          0x0800015f   Thumb Code     0  startup_stm32f10x_hd.o(.text)
    TIM6_IRQHandler                          0x0800015f   Thumb Code     0  startup_stm32f10x_hd.o(.text)
    TIM7_IRQHandler                          0x0800015f   Thumb Code     0  startup_stm32f10x_hd.o(.text)
    TIM8_BRK_IRQHandler                      0x0800015f   Thumb Code     0  startup_stm32f10x_hd.o(.text)
    TIM8_CC_IRQHandler                       0x0800015f   Thumb Code     0  startup_stm32f10x_hd.o(.text)
    TIM8_TRG_COM_IRQHandler                  0x0800015f   Thumb Code     0  startup_stm32f10x_hd.o(.text)
    TIM8_UP_IRQHandler                       0x0800015f   Thumb Code     0  startup_stm32f10x_hd.o(.text)
    UART4_IRQHandler                         0x0800015f   Thumb Code     0  startup_stm32f10x_hd.o(.text)
    UART5_IRQHandler                         0x0800015f   Thumb Code     0  startup_stm32f10x_hd.o(.text)
    USART1_IRQHandler                        0x0800015f   Thumb Code     0  startup_stm32f10x_hd.o(.text)
    USART3_IRQHandler                        0x0800015f   Thumb Code     0  startup_stm32f10x_hd.o(.text)
    USBWakeUp_IRQHandler                     0x0800015f   Thumb Code     0  startup_stm32f10x_hd.o(.text)
    USB_HP_CAN1_TX_IRQHandler                0x0800015f   Thumb Code     0  startup_stm32f10x_hd.o(.text)
    USB_LP_CAN1_RX0_IRQHandler               0x0800015f   Thumb Code     0  startup_stm32f10x_hd.o(.text)
    WWDG_IRQHandler                          0x0800015f   Thumb Code     0  startup_stm32f10x_hd.o(.text)
    GPIO_DeInit                              0x08000169   Thumb Code   172  stm32f10x_gpio.o(.text)
    GPIO_AFIODeInit                          0x08000215   Thumb Code    20  stm32f10x_gpio.o(.text)
    GPIO_Init                                0x08000229   Thumb Code   274  stm32f10x_gpio.o(.text)
    GPIO_StructInit                          0x0800033b   Thumb Code    16  stm32f10x_gpio.o(.text)
    GPIO_ReadInputDataBit                    0x0800034b   Thumb Code    18  stm32f10x_gpio.o(.text)
    GPIO_ReadInputData                       0x0800035d   Thumb Code     8  stm32f10x_gpio.o(.text)
    GPIO_ReadOutputDataBit                   0x08000365   Thumb Code    18  stm32f10x_gpio.o(.text)
    GPIO_ReadOutputData                      0x08000377   Thumb Code     8  stm32f10x_gpio.o(.text)
    GPIO_SetBits                             0x0800037f   Thumb Code     4  stm32f10x_gpio.o(.text)
    GPIO_ResetBits                           0x08000383   Thumb Code     4  stm32f10x_gpio.o(.text)
    GPIO_WriteBit                            0x08000387   Thumb Code    10  stm32f10x_gpio.o(.text)
    GPIO_Write                               0x08000391   Thumb Code     4  stm32f10x_gpio.o(.text)
    GPIO_PinLockConfig                       0x08000395   Thumb Code    18  stm32f10x_gpio.o(.text)
    GPIO_EventOutputConfig                   0x080003a7   Thumb Code    26  stm32f10x_gpio.o(.text)
    GPIO_EventOutputCmd                      0x080003c1   Thumb Code     6  stm32f10x_gpio.o(.text)
    GPIO_PinRemapConfig                      0x080003c7   Thumb Code   138  stm32f10x_gpio.o(.text)
    GPIO_EXTILineConfig                      0x08000451   Thumb Code    66  stm32f10x_gpio.o(.text)
    GPIO_ETH_MediaInterfaceConfig            0x08000493   Thumb Code     6  stm32f10x_gpio.o(.text)
    RCC_DeInit                               0x080004c1   Thumb Code    64  stm32f10x_rcc.o(.text)
    RCC_HSEConfig                            0x08000501   Thumb Code    70  stm32f10x_rcc.o(.text)
    RCC_GetFlagStatus                        0x08000547   Thumb Code    56  stm32f10x_rcc.o(.text)
    RCC_WaitForHSEStartUp                    0x0800057f   Thumb Code    56  stm32f10x_rcc.o(.text)
    RCC_AdjustHSICalibrationValue            0x080005b7   Thumb Code    20  stm32f10x_rcc.o(.text)
    RCC_HSICmd                               0x080005cb   Thumb Code     6  stm32f10x_rcc.o(.text)
    RCC_PLLConfig                            0x080005d1   Thumb Code    24  stm32f10x_rcc.o(.text)
    RCC_PLLCmd                               0x080005e9   Thumb Code     6  stm32f10x_rcc.o(.text)
    RCC_SYSCLKConfig                         0x080005ef   Thumb Code    18  stm32f10x_rcc.o(.text)
    RCC_GetSYSCLKSource                      0x08000601   Thumb Code    10  stm32f10x_rcc.o(.text)
    RCC_HCLKConfig                           0x0800060b   Thumb Code    18  stm32f10x_rcc.o(.text)
    RCC_PCLK1Config                          0x0800061d   Thumb Code    18  stm32f10x_rcc.o(.text)
    RCC_PCLK2Config                          0x0800062f   Thumb Code    20  stm32f10x_rcc.o(.text)
    RCC_ITConfig                             0x08000643   Thumb Code    26  stm32f10x_rcc.o(.text)
    RCC_USBCLKConfig                         0x0800065d   Thumb Code     6  stm32f10x_rcc.o(.text)
    RCC_ADCCLKConfig                         0x08000663   Thumb Code    18  stm32f10x_rcc.o(.text)
    RCC_LSEConfig                            0x08000675   Thumb Code    44  stm32f10x_rcc.o(.text)
    RCC_LSICmd                               0x080006a1   Thumb Code     6  stm32f10x_rcc.o(.text)
    RCC_RTCCLKConfig                         0x080006a7   Thumb Code    12  stm32f10x_rcc.o(.text)
    RCC_RTCCLKCmd                            0x080006b3   Thumb Code     8  stm32f10x_rcc.o(.text)
    RCC_GetClocksFreq                        0x080006bb   Thumb Code   192  stm32f10x_rcc.o(.text)
    RCC_AHBPeriphClockCmd                    0x0800077b   Thumb Code    26  stm32f10x_rcc.o(.text)
    RCC_APB2PeriphClockCmd                   0x08000795   Thumb Code    26  stm32f10x_rcc.o(.text)
    RCC_APB1PeriphClockCmd                   0x080007af   Thumb Code    26  stm32f10x_rcc.o(.text)
    RCC_APB2PeriphResetCmd                   0x080007c9   Thumb Code    26  stm32f10x_rcc.o(.text)
    RCC_APB1PeriphResetCmd                   0x080007e3   Thumb Code    26  stm32f10x_rcc.o(.text)
    RCC_BackupResetCmd                       0x080007fd   Thumb Code     8  stm32f10x_rcc.o(.text)
    RCC_ClockSecuritySystemCmd               0x08000805   Thumb Code     6  stm32f10x_rcc.o(.text)
    RCC_MCOConfig                            0x0800080b   Thumb Code     6  stm32f10x_rcc.o(.text)
    RCC_ClearFlag                            0x08000811   Thumb Code    14  stm32f10x_rcc.o(.text)
    RCC_GetITStatus                          0x0800081f   Thumb Code    20  stm32f10x_rcc.o(.text)
    RCC_ClearITPendingBit                    0x08000833   Thumb Code     6  stm32f10x_rcc.o(.text)
    FLASH_SetLatency                         0x0800086d   Thumb Code    18  stm32f10x_flash.o(.text)
    FLASH_HalfCycleAccessCmd                 0x0800087f   Thumb Code    22  stm32f10x_flash.o(.text)
    FLASH_PrefetchBufferCmd                  0x08000895   Thumb Code    22  stm32f10x_flash.o(.text)
    FLASH_Unlock                             0x080008ab   Thumb Code    12  stm32f10x_flash.o(.text)
    FLASH_UnlockBank1                        0x080008b7   Thumb Code    12  stm32f10x_flash.o(.text)
    FLASH_Lock                               0x080008c3   Thumb Code    14  stm32f10x_flash.o(.text)
    FLASH_LockBank1                          0x080008d1   Thumb Code    14  stm32f10x_flash.o(.text)
    FLASH_GetBank1Status                     0x080008df   Thumb Code    48  stm32f10x_flash.o(.text)
    FLASH_WaitForLastOperation               0x0800090f   Thumb Code    38  stm32f10x_flash.o(.text)
    FLASH_ErasePage                          0x08000935   Thumb Code    72  stm32f10x_flash.o(.text)
    FLASH_EraseAllPages                      0x0800097d   Thumb Code    68  stm32f10x_flash.o(.text)
    FLASH_WaitForLastBank1Operation          0x080009c1   Thumb Code    38  stm32f10x_flash.o(.text)
    FLASH_EraseAllBank1Pages                 0x080009e7   Thumb Code    68  stm32f10x_flash.o(.text)
    FLASH_GetReadOutProtectionStatus         0x08000a2b   Thumb Code    20  stm32f10x_flash.o(.text)
    FLASH_EraseOptionBytes                   0x08000a3f   Thumb Code   150  stm32f10x_flash.o(.text)
    FLASH_ProgramWord                        0x08000ad5   Thumb Code   102  stm32f10x_flash.o(.text)
    FLASH_ProgramHalfWord                    0x08000b3b   Thumb Code    60  stm32f10x_flash.o(.text)
    FLASH_ProgramOptionByteData              0x08000b77   Thumb Code    72  stm32f10x_flash.o(.text)
    FLASH_EnableWriteProtection              0x08000bbf   Thumb Code   200  stm32f10x_flash.o(.text)
    FLASH_ReadOutProtection                  0x08000c87   Thumb Code   156  stm32f10x_flash.o(.text)
    FLASH_UserOptionByteConfig               0x08000d23   Thumb Code    88  stm32f10x_flash.o(.text)
    FLASH_GetUserOptionByte                  0x08000d7b   Thumb Code     8  stm32f10x_flash.o(.text)
    FLASH_GetWriteProtectionOptionByte       0x08000d83   Thumb Code     6  stm32f10x_flash.o(.text)
    FLASH_GetPrefetchBufferStatus            0x08000d89   Thumb Code    20  stm32f10x_flash.o(.text)
    FLASH_ITConfig                           0x08000d9d   Thumb Code    26  stm32f10x_flash.o(.text)
    FLASH_GetFlagStatus                      0x08000db7   Thumb Code    42  stm32f10x_flash.o(.text)
    FLASH_ClearFlag                          0x08000de1   Thumb Code     6  stm32f10x_flash.o(.text)
    FLASH_GetStatus                          0x08000de7   Thumb Code    48  stm32f10x_flash.o(.text)
    USART_DeInit                             0x08000e29   Thumb Code   134  stm32f10x_usart.o(.text)
    USART_Init                               0x08000eaf   Thumb Code   210  stm32f10x_usart.o(.text)
    USART_StructInit                         0x08000f81   Thumb Code    24  stm32f10x_usart.o(.text)
    USART_ClockInit                          0x08000f99   Thumb Code    34  stm32f10x_usart.o(.text)
    USART_ClockStructInit                    0x08000fbb   Thumb Code    12  stm32f10x_usart.o(.text)
    USART_Cmd                                0x08000fc7   Thumb Code    24  stm32f10x_usart.o(.text)
    USART_ITConfig                           0x08000fdf   Thumb Code    74  stm32f10x_usart.o(.text)
    USART_DMACmd                             0x08001029   Thumb Code    18  stm32f10x_usart.o(.text)
    USART_SetAddress                         0x0800103b   Thumb Code    18  stm32f10x_usart.o(.text)
    USART_WakeUpConfig                       0x0800104d   Thumb Code    18  stm32f10x_usart.o(.text)
    USART_ReceiverWakeUpCmd                  0x0800105f   Thumb Code    24  stm32f10x_usart.o(.text)
    USART_LINBreakDetectLengthConfig         0x08001077   Thumb Code    18  stm32f10x_usart.o(.text)
    USART_LINCmd                             0x08001089   Thumb Code    24  stm32f10x_usart.o(.text)
    USART_SendData                           0x080010a1   Thumb Code     8  stm32f10x_usart.o(.text)
    USART_ReceiveData                        0x080010a9   Thumb Code    10  stm32f10x_usart.o(.text)
    USART_SendBreak                          0x080010b3   Thumb Code    10  stm32f10x_usart.o(.text)
    USART_SetGuardTime                       0x080010bd   Thumb Code    16  stm32f10x_usart.o(.text)
    USART_SetPrescaler                       0x080010cd   Thumb Code    16  stm32f10x_usart.o(.text)
    USART_SmartCardCmd                       0x080010dd   Thumb Code    24  stm32f10x_usart.o(.text)
    USART_SmartCardNACKCmd                   0x080010f5   Thumb Code    24  stm32f10x_usart.o(.text)
    USART_HalfDuplexCmd                      0x0800110d   Thumb Code    24  stm32f10x_usart.o(.text)
    USART_OverSampling8Cmd                   0x08001125   Thumb Code    22  stm32f10x_usart.o(.text)
    USART_OneBitMethodCmd                    0x0800113b   Thumb Code    24  stm32f10x_usart.o(.text)
    USART_IrDAConfig                         0x08001153   Thumb Code    18  stm32f10x_usart.o(.text)
    USART_IrDACmd                            0x08001165   Thumb Code    24  stm32f10x_usart.o(.text)
    USART_GetFlagStatus                      0x0800117d   Thumb Code    26  stm32f10x_usart.o(.text)
    USART_ClearFlag                          0x08001197   Thumb Code    18  stm32f10x_usart.o(.text)
    USART_GetITStatus                        0x080011a9   Thumb Code    84  stm32f10x_usart.o(.text)
    USART_ClearITPendingBit                  0x080011fd   Thumb Code    52  stm32f10x_usart.o(.text)
    NVIC_DeInit                              0x08001231   Thumb Code    56  misc.o(.text)
    NVIC_PriorityGroupConfig                 0x08001269   Thumb Code    10  misc.o(.text)
    NVIC_Init                                0x08001273   Thumb Code   102  misc.o(.text)
    NVIC_SetVectorTable                      0x080012d9   Thumb Code    14  misc.o(.text)
    NVIC_SystemLPConfig                      0x080012e7   Thumb Code    34  misc.o(.text)
    SysTick_CLKSourceConfig                  0x08001309   Thumb Code    40  misc.o(.text)
    TIM_DeInit                               0x0800134d   Thumb Code   424  stm32f10x_tim.o(.text)
    TIM_TimeBaseInit                         0x080014f5   Thumb Code   122  stm32f10x_tim.o(.text)
    TIM_OC1Init                              0x0800156f   Thumb Code   132  stm32f10x_tim.o(.text)
    TIM_OC2Init                              0x080015f3   Thumb Code   154  stm32f10x_tim.o(.text)
    TIM_OC3Init                              0x0800168d   Thumb Code   150  stm32f10x_tim.o(.text)
    TIM_OC4Init                              0x08001723   Thumb Code   182  stm32f10x_tim.o(.text)
    TIM_SetIC4Prescaler                      0x080017d9   Thumb Code    26  stm32f10x_tim.o(.text)
    TIM_SetIC3Prescaler                      0x08001875   Thumb Code    18  stm32f10x_tim.o(.text)
    TIM_SetIC2Prescaler                      0x08001901   Thumb Code    26  stm32f10x_tim.o(.text)
    TIM_SetIC1Prescaler                      0x0800199d   Thumb Code    18  stm32f10x_tim.o(.text)
    TIM_ICInit                               0x08001a1b   Thumb Code   150  stm32f10x_tim.o(.text)
    TIM_PWMIConfig                           0x08001ab1   Thumb Code   124  stm32f10x_tim.o(.text)
    TIM_BDTRConfig                           0x08001b2d   Thumb Code    32  stm32f10x_tim.o(.text)
    TIM_TimeBaseStructInit                   0x08001b4d   Thumb Code    18  stm32f10x_tim.o(.text)
    TIM_OCStructInit                         0x08001b5f   Thumb Code    20  stm32f10x_tim.o(.text)
    TIM_ICStructInit                         0x08001b73   Thumb Code    18  stm32f10x_tim.o(.text)
    TIM_BDTRStructInit                       0x08001b85   Thumb Code    40  stm32f10x_tim.o(.text)
    TIM_Cmd                                  0x08001bad   Thumb Code    24  stm32f10x_tim.o(.text)
    TIM_CtrlPWMOutputs                       0x08001bc5   Thumb Code    30  stm32f10x_tim.o(.text)
    TIM_ITConfig                             0x08001be3   Thumb Code    18  stm32f10x_tim.o(.text)
    TIM_GenerateEvent                        0x08001bf5   Thumb Code     4  stm32f10x_tim.o(.text)
    TIM_DMAConfig                            0x08001bf9   Thumb Code    10  stm32f10x_tim.o(.text)
    TIM_DMACmd                               0x08001c03   Thumb Code    18  stm32f10x_tim.o(.text)
    TIM_InternalClockConfig                  0x08001c15   Thumb Code    12  stm32f10x_tim.o(.text)
    TIM_SelectInputTrigger                   0x08001c21   Thumb Code    18  stm32f10x_tim.o(.text)
    TIM_ITRxExternalClockConfig              0x08001c33   Thumb Code    24  stm32f10x_tim.o(.text)
    TIM_TIxExternalClockConfig               0x08001c4b   Thumb Code    62  stm32f10x_tim.o(.text)
    TIM_ETRConfig                            0x08001c89   Thumb Code    28  stm32f10x_tim.o(.text)
    TIM_ETRClockMode1Config                  0x08001ca5   Thumb Code    54  stm32f10x_tim.o(.text)
    TIM_ETRClockMode2Config                  0x08001cdb   Thumb Code    32  stm32f10x_tim.o(.text)
    TIM_PrescalerConfig                      0x08001cfb   Thumb Code     6  stm32f10x_tim.o(.text)
    TIM_CounterModeConfig                    0x08001d01   Thumb Code    18  stm32f10x_tim.o(.text)
    TIM_EncoderInterfaceConfig               0x08001d13   Thumb Code    66  stm32f10x_tim.o(.text)
    TIM_ForcedOC1Config                      0x08001d55   Thumb Code    18  stm32f10x_tim.o(.text)
    TIM_ForcedOC2Config                      0x08001d67   Thumb Code    26  stm32f10x_tim.o(.text)
    TIM_ForcedOC3Config                      0x08001d81   Thumb Code    18  stm32f10x_tim.o(.text)
    TIM_ForcedOC4Config                      0x08001d93   Thumb Code    26  stm32f10x_tim.o(.text)
    TIM_ARRPreloadConfig                     0x08001dad   Thumb Code    24  stm32f10x_tim.o(.text)
    TIM_SelectCOM                            0x08001dc5   Thumb Code    24  stm32f10x_tim.o(.text)
    TIM_SelectCCDMA                          0x08001ddd   Thumb Code    24  stm32f10x_tim.o(.text)
    TIM_CCPreloadControl                     0x08001df5   Thumb Code    24  stm32f10x_tim.o(.text)
    TIM_OC1PreloadConfig                     0x08001e0d   Thumb Code    18  stm32f10x_tim.o(.text)
    TIM_OC2PreloadConfig                     0x08001e1f   Thumb Code    26  stm32f10x_tim.o(.text)
    TIM_OC3PreloadConfig                     0x08001e39   Thumb Code    18  stm32f10x_tim.o(.text)
    TIM_OC4PreloadConfig                     0x08001e4b   Thumb Code    26  stm32f10x_tim.o(.text)
    TIM_OC1FastConfig                        0x08001e65   Thumb Code    18  stm32f10x_tim.o(.text)
    TIM_OC2FastConfig                        0x08001e77   Thumb Code    26  stm32f10x_tim.o(.text)
    TIM_OC3FastConfig                        0x08001e91   Thumb Code    18  stm32f10x_tim.o(.text)
    TIM_OC4FastConfig                        0x08001ea3   Thumb Code    26  stm32f10x_tim.o(.text)
    TIM_ClearOC1Ref                          0x08001ebd   Thumb Code    18  stm32f10x_tim.o(.text)
    TIM_ClearOC2Ref                          0x08001ecf   Thumb Code    24  stm32f10x_tim.o(.text)
    TIM_ClearOC3Ref                          0x08001ee7   Thumb Code    18  stm32f10x_tim.o(.text)
    TIM_ClearOC4Ref                          0x08001ef9   Thumb Code    24  stm32f10x_tim.o(.text)
    TIM_OC1PolarityConfig                    0x08001f11   Thumb Code    18  stm32f10x_tim.o(.text)
    TIM_OC1NPolarityConfig                   0x08001f23   Thumb Code    18  stm32f10x_tim.o(.text)
    TIM_OC2PolarityConfig                    0x08001f35   Thumb Code    26  stm32f10x_tim.o(.text)
    TIM_OC2NPolarityConfig                   0x08001f4f   Thumb Code    26  stm32f10x_tim.o(.text)
    TIM_OC3PolarityConfig                    0x08001f69   Thumb Code    26  stm32f10x_tim.o(.text)
    TIM_OC3NPolarityConfig                   0x08001f83   Thumb Code    26  stm32f10x_tim.o(.text)
    TIM_OC4PolarityConfig                    0x08001f9d   Thumb Code    26  stm32f10x_tim.o(.text)
    TIM_CCxCmd                               0x08001fb7   Thumb Code    30  stm32f10x_tim.o(.text)
    TIM_CCxNCmd                              0x08001fd5   Thumb Code    30  stm32f10x_tim.o(.text)
    TIM_SelectOCxM                           0x08001ff3   Thumb Code    82  stm32f10x_tim.o(.text)
    TIM_UpdateDisableConfig                  0x08002045   Thumb Code    24  stm32f10x_tim.o(.text)
    TIM_UpdateRequestConfig                  0x0800205d   Thumb Code    24  stm32f10x_tim.o(.text)
    TIM_SelectHallSensor                     0x08002075   Thumb Code    24  stm32f10x_tim.o(.text)
    TIM_SelectOnePulseMode                   0x0800208d   Thumb Code    18  stm32f10x_tim.o(.text)
    TIM_SelectOutputTrigger                  0x0800209f   Thumb Code    18  stm32f10x_tim.o(.text)
    TIM_SelectSlaveMode                      0x080020b1   Thumb Code    18  stm32f10x_tim.o(.text)
    TIM_SelectMasterSlaveMode                0x080020c3   Thumb Code    18  stm32f10x_tim.o(.text)
    TIM_SetCounter                           0x080020d5   Thumb Code     4  stm32f10x_tim.o(.text)
    TIM_SetAutoreload                        0x080020d9   Thumb Code     4  stm32f10x_tim.o(.text)
    TIM_SetCompare1                          0x080020dd   Thumb Code     4  stm32f10x_tim.o(.text)
    TIM_SetCompare2                          0x080020e1   Thumb Code     4  stm32f10x_tim.o(.text)
    TIM_SetCompare3                          0x080020e5   Thumb Code     4  stm32f10x_tim.o(.text)
    TIM_SetCompare4                          0x080020e9   Thumb Code     6  stm32f10x_tim.o(.text)
    TIM_SetClockDivision                     0x080020ef   Thumb Code    18  stm32f10x_tim.o(.text)
    TIM_GetCapture1                          0x08002101   Thumb Code     6  stm32f10x_tim.o(.text)
    TIM_GetCapture2                          0x08002107   Thumb Code     6  stm32f10x_tim.o(.text)
    TIM_GetCapture3                          0x0800210d   Thumb Code     6  stm32f10x_tim.o(.text)
    TIM_GetCapture4                          0x08002113   Thumb Code     8  stm32f10x_tim.o(.text)
    TIM_GetCounter                           0x0800211b   Thumb Code     6  stm32f10x_tim.o(.text)
    TIM_GetPrescaler                         0x08002121   Thumb Code     6  stm32f10x_tim.o(.text)
    TIM_GetFlagStatus                        0x08002127   Thumb Code    18  stm32f10x_tim.o(.text)
    TIM_ClearFlag                            0x08002139   Thumb Code     6  stm32f10x_tim.o(.text)
    TIM_GetITStatus                          0x0800213f   Thumb Code    34  stm32f10x_tim.o(.text)
    TIM_ClearITPendingBit                    0x08002161   Thumb Code     6  stm32f10x_tim.o(.text)
    IWDG_WriteAccessCmd                      0x08002169   Thumb Code     6  stm32f10x_iwdg.o(.text)
    IWDG_SetPrescaler                        0x0800216f   Thumb Code     6  stm32f10x_iwdg.o(.text)
    IWDG_SetReload                           0x08002175   Thumb Code     6  stm32f10x_iwdg.o(.text)
    IWDG_ReloadCounter                       0x0800217b   Thumb Code    10  stm32f10x_iwdg.o(.text)
    IWDG_Enable                              0x08002185   Thumb Code    10  stm32f10x_iwdg.o(.text)
    IWDG_GetFlagStatus                       0x0800218f   Thumb Code    20  stm32f10x_iwdg.o(.text)
    SystemInit                               0x08002285   Thumb Code    78  system_stm32f10x.o(.text)
    SystemCoreClockUpdate                    0x080022d3   Thumb Code   142  system_stm32f10x.o(.text)
    main                                     0x0800238d   Thumb Code   250  main.o(.text)
    USART2_IRQHandler                        0x080024a1   Thumb Code   138  uart.o(.text)
    receive_data                             0x0800252b   Thumb Code    60  uart.o(.text)
    USART_OUT                                0x08002567   Thumb Code   262  uart.o(.text)
    delay                                    0x08002681   Thumb Code    12  common.o(.text)
    system_reset                             0x0800268d   Thumb Code    38  common.o(.text)
    str_picked                               0x080026b3   Thumb Code   114  common.o(.text)
    mem_str                                  0x08002725   Thumb Code   100  common.o(.text)
    mem_picked                               0x08002789   Thumb Code    88  common.o(.text)
    itoa                                     0x080027e1   Thumb Code    98  common.o(.text)
    flash_page_erase                         0x0800284d   Thumb Code    58  flash.o(.text)
    flash_write_data                         0x08002887   Thumb Code    64  flash.o(.text)
    flash_read_data                          0x080028c7   Thumb Code    32  flash.o(.text)
    flash_write_byte                         0x080028e7   Thumb Code    36  flash.o(.text)
    flash_read_byte                          0x0800290b   Thumb Code     6  flash.o(.text)
    get_app_size                             0x08002911   Thumb Code    34  updata.o(.text)
    get_app_check_sum                        0x08002933   Thumb Code    54  updata.o(.text)
    send_at_cmd                              0x0800296d   Thumb Code   222  gprs.o(.text)
    gprs_init                                0x08002a4b   Thumb Code   396  gprs.o(.text)
    ftp_size                                 0x08002ce5   Thumb Code   260  ftp.o(.text)
    ftp_get                                  0x08002de9   Thumb Code   230  ftp.o(.text)
    ftp_read_data                            0x08002ecf   Thumb Code   302  ftp.o(.text)
    ftp_download_app                         0x08002ffd   Thumb Code   180  ftp.o(.text)
    ftp_download_ini                         0x080030b1   Thumb Code   288  ftp.o(.text)
    TIM2_IRQHandler                          0x080031f9   Thumb Code   120  timer.o(.text)
    delay_1ms                                0x08003271   Thumb Code    16  timer.o(.text)
    is_timeout_1MS                           0x08003281   Thumb Code    34  timer.o(.text)
    rcc_config                               0x080032b5   Thumb Code   114  bsp.o(.text)
    iwatchdog_config                         0x08003327   Thumb Code    34  bsp.o(.text)
    iwatchdog_clear                          0x08003349   Thumb Code     8  bsp.o(.text)
    gpio_config                              0x08003351   Thumb Code   168  bsp.o(.text)
    timer2_config                            0x080033f9   Thumb Code    72  bsp.o(.text)
    gprs_config                              0x08003441   Thumb Code    80  bsp.o(.text)
    uart2_config                             0x08003491   Thumb Code    80  bsp.o(.text)
    nvic_config                              0x080034e1   Thumb Code    88  bsp.o(.text)
    bsp_init                                 0x08003539   Thumb Code    28  bsp.o(.text)
    __aeabi_memcpy                           0x0800356d   Thumb Code    36  memcpya.o(.text)
    __aeabi_memcpy4                          0x0800356d   Thumb Code     0  memcpya.o(.text)
    __aeabi_memcpy8                          0x0800356d   Thumb Code     0  memcpya.o(.text)
    __aeabi_memset                           0x08003591   Thumb Code    14  memseta.o(.text)
    __aeabi_memset4                          0x08003591   Thumb Code     0  memseta.o(.text)
    __aeabi_memset8                          0x08003591   Thumb Code     0  memseta.o(.text)
    __aeabi_memclr                           0x0800359f   Thumb Code     4  memseta.o(.text)
    __aeabi_memclr4                          0x0800359f   Thumb Code     0  memseta.o(.text)
    __aeabi_memclr8                          0x0800359f   Thumb Code     0  memseta.o(.text)
    _memset$wrapper                          0x080035a3   Thumb Code    18  memseta.o(.text)
    strcat                                   0x080035b5   Thumb Code    24  strcat.o(.text)
    strstr                                   0x080035cd   Thumb Code    36  strstr.o(.text)
    strlen                                   0x080035f1   Thumb Code    14  strlen.o(.text)
    memcmp                                   0x080035ff   Thumb Code    26  memcmp.o(.text)
    atoi                                     0x08003619   Thumb Code    26  atoi.o(.text)
    strtol                                   0x08003633   Thumb Code   112  strtol.o(.text)
    __scatterload                            0x080036a5   Thumb Code    28  init.o(.text)
    __scatterload_rt2                        0x080036a5   Thumb Code     0  init.o(.text)
    __rt_ctype_table                         0x080036c9   Thumb Code     4  ctype_o.o(.text)
    _strtoul                                 0x080036d1   Thumb Code   158  _strtoul.o(.text)
    _chval                                   0x0800376f   Thumb Code    28  _chval.o(.text)
    __aeabi_errno_addr                       0x0800378d   Thumb Code     4  errno.o(i.__aeabi_errno_addr)
    __rt_errno_addr                          0x0800378d   Thumb Code     0  errno.o(i.__aeabi_errno_addr)
    __scatterload_copy                       0x08003795   Thumb Code    14  handlers.o(i.__scatterload_copy)
    __scatterload_null                       0x080037a3   Thumb Code     2  handlers.o(i.__scatterload_null)
    __scatterload_zeroinit                   0x080037a5   Thumb Code    14  handlers.o(i.__scatterload_zeroinit)
    __ctype_table                            0x080037b2   Data         129  ctype_o.o(.constdata)
    Region$$Table$$Base                      0x08003838   Number         0  anon$$obj.o(Region$$Table)
    Region$$Table$$Limit                     0x08003858   Number         0  anon$$obj.o(Region$$Table)
    SystemCoreClock                          0x20000014   Data           4  system_stm32f10x.o(.data)
    AHBPrescTable                            0x20000018   Data          16  system_stm32f10x.o(.data)
    rece_buff2                               0x20000028   Data           4  uart.o(.data)
    rece_over_flag                           0x2000002c   Data           1  uart.o(.data)
    gprs_status                              0x2000002d   Data           1  gprs.o(.data)
    send_at_flag                             0x2000002e   Data           1  gprs.o(.data)
    g_delay_cnt                              0x20000030   Data           4  timer.o(.data)
    gt                                       0x20000034   Data           4  timer.o(.data)
    g_tim_cnt                                0x20000240   Data          36  timer.o(.bss)
    __initial_sp                             0x20000668   Data           0  startup_stm32f10x_hd.o(STACK)



==============================================================================

Memory Map of the image

  Image Entry point : 0x08000131

  Load Region LR_IROM1 (Base: 0x08000000, Size: 0x00003894, Max: 0x00010000, ABSOLUTE)

    Execution Region ER_IROM1 (Base: 0x08000000, Size: 0x00003858, Max: 0x00010000, ABSOLUTE)

    Base Addr    Size         Type   Attr      Idx    E Section Name        Object

    0x08000000   0x00000130   Data   RO            3    RESET               startup_stm32f10x_hd.o
    0x08000130   0x00000000   Code   RO          344  * .ARM.Collect$$$$00000000  mc_w.l(entry.o)
    0x08000130   0x00000004   Code   RO          363    .ARM.Collect$$$$00000001  mc_w.l(entry2.o)
    0x08000134   0x00000004   Code   RO          366    .ARM.Collect$$$$00000004  mc_w.l(entry5.o)
    0x08000138   0x00000000   Code   RO          368    .ARM.Collect$$$$00000008  mc_w.l(entry7b.o)
    0x08000138   0x00000000   Code   RO          370    .ARM.Collect$$$$0000000A  mc_w.l(entry8b.o)
    0x08000138   0x00000008   Code   RO          371    .ARM.Collect$$$$0000000B  mc_w.l(entry9a.o)
    0x08000140   0x00000000   Code   RO          373    .ARM.Collect$$$$0000000D  mc_w.l(entry10a.o)
    0x08000140   0x00000000   Code   RO          375    .ARM.Collect$$$$0000000F  mc_w.l(entry11a.o)
    0x08000140   0x00000004   Code   RO          364    .ARM.Collect$$$$00002712  mc_w.l(entry2.o)
    0x08000144   0x00000024   Code   RO            4    .text               startup_stm32f10x_hd.o
    0x08000168   0x00000358   Code   RO           10    .text               stm32f10x_gpio.o
    0x080004c0   0x000003ac   Code   RO           46    .text               stm32f10x_rcc.o
    0x0800086c   0x000005bc   Code   RO           60    .text               stm32f10x_flash.o
    0x08000e28   0x00000408   Code   RO           75    .text               stm32f10x_usart.o
    0x08001230   0x0000011c   Code   RO           90    .text               misc.o
    0x0800134c   0x00000e1a   Code   RO          105    .text               stm32f10x_tim.o
    0x08002166   0x00000002   PAD
    0x08002168   0x00000040   Code   RO          120    .text               stm32f10x_iwdg.o
    0x080021a8   0x000001e4   Code   RO          145    .text               system_stm32f10x.o
    0x0800238c   0x00000114   Code   RO          170    .text               main.o
    0x080024a0   0x000001e0   Code   RO          208    .text               uart.o
    0x08002680   0x000001cc   Code   RO          231    .text               common.o
    0x0800284c   0x000000c4   Code   RO          247    .text               flash.o
    0x08002910   0x0000005c   Code   RO          259    .text               updata.o
    0x0800296c   0x00000378   Code   RO          274    .text               gprs.o
    0x08002ce4   0x00000514   Code   RO          290    .text               ftp.o
    0x080031f8   0x000000bc   Code   RO          303    .text               timer.o
    0x080032b4   0x000002b8   Code   RO          322    .text               bsp.o
    0x0800356c   0x00000024   Code   RO          347    .text               mc_w.l(memcpya.o)
    0x08003590   0x00000024   Code   RO          349    .text               mc_w.l(memseta.o)
    0x080035b4   0x00000018   Code   RO          351    .text               mc_w.l(strcat.o)
    0x080035cc   0x00000024   Code   RO          353    .text               mc_w.l(strstr.o)
    0x080035f0   0x0000000e   Code   RO          355    .text               mc_w.l(strlen.o)
    0x080035fe   0x0000001a   Code   RO          357    .text               mc_w.l(memcmp.o)
    0x08003618   0x0000001a   Code   RO          361    .text               mc_w.l(atoi.o)
    0x08003632   0x00000070   Code   RO          384    .text               mc_w.l(strtol.o)
    0x080036a2   0x00000002   PAD
    0x080036a4   0x00000024   Code   RO          386    .text               mc_w.l(init.o)
    0x080036c8   0x00000008   Code   RO          388    .text               mc_w.l(ctype_o.o)
    0x080036d0   0x0000009e   Code   RO          416    .text               mc_w.l(_strtoul.o)
    0x0800376e   0x0000001c   Code   RO          418    .text               mc_w.l(_chval.o)
    0x0800378a   0x00000002   PAD
    0x0800378c   0x00000008   Code   RO          377    i.__aeabi_errno_addr  mc_w.l(errno.o)
    0x08003794   0x0000000e   Code   RO          422    i.__scatterload_copy  mc_w.l(handlers.o)
    0x080037a2   0x00000002   Code   RO          423    i.__scatterload_null  mc_w.l(handlers.o)
    0x080037a4   0x0000000e   Code   RO          424    i.__scatterload_zeroinit  mc_w.l(handlers.o)
    0x080037b2   0x00000081   Data   RO          389    .constdata          mc_w.l(ctype_o.o)
    0x08003833   0x00000001   PAD
    0x08003834   0x00000004   Data   RO          390    .constdata          mc_w.l(ctype_o.o)
    0x08003838   0x00000020   Data   RO          420    Region$$Table       anon$$obj.o


    Execution Region RW_IRAM1 (Base: 0x20000000, Size: 0x00000668, Max: 0x00005000, ABSOLUTE)

    Base Addr    Size         Type   Attr      Idx    E Section Name        Object

    0x20000000   0x00000014   Data   RW           47    .data               stm32f10x_rcc.o
    0x20000014   0x00000014   Data   RW          146    .data               system_stm32f10x.o
    0x20000028   0x00000005   Data   RW          210    .data               uart.o
    0x2000002d   0x00000002   Data   RW          275    .data               gprs.o
    0x2000002f   0x00000001   PAD
    0x20000030   0x00000008   Data   RW          305    .data               timer.o
    0x20000038   0x00000004   Data   RW          380    .data               mc_w.l(errno.o)
    0x2000003c   0x00000202   Zero   RW          209    .bss                uart.o
    0x2000023e   0x00000002   PAD
    0x20000240   0x00000024   Zero   RW          304    .bss                timer.o
    0x20000264   0x00000004   PAD
    0x20000268   0x00000400   Zero   RW            1    STACK               startup_stm32f10x_hd.o


==============================================================================

Image component sizes


      Code (inc. data)   RO Data    RW Data    ZI Data      Debug   Object Name

       696         24          0          0          0       1922   bsp.o
       460         10          0          0          0      18163   common.o
       196          0          0          0          0       2057   flash.o
      1300        188          0          0          0       3297   ftp.o
       888        282          0          2          0       1752   gprs.o
       276         26          0          0          0        691   main.o
       284         28          0          0          0       3433   misc.o
        36          8        304          0       1024        808   startup_stm32f10x_hd.o
      1468         34          0          0          0      14174   stm32f10x_flash.o
       856         40          0          0          0     229805   stm32f10x_gpio.o
        64          6          0          0          0       1201   stm32f10x_iwdg.o
       940         52          0         20          0       8624   stm32f10x_rcc.o
      3610         88          0          0          0      42276   stm32f10x_tim.o
      1032         22          0          0          0      14216   stm32f10x_usart.o
       484         44          0         20          0       1647   system_stm32f10x.o
       188         18          0          8         36       1446   timer.o
       480         20          0          5        514       2794   uart.o
        92          4          0          0          0        805   updata.o

    ----------------------------------------------------------------------
     13352        894        336         56       1580     349111   Object Totals
         0          0         32          0          0          0   (incl. Generated)
         2          0          0          1          6          0   (incl. Padding)

    ----------------------------------------------------------------------

      Code (inc. data)   RO Data    RW Data    ZI Data      Debug   Library Member Name

        28          0          0          0          0         68   _chval.o
       158          0          0          0          0         92   _strtoul.o
        26          0          0          0          0         80   atoi.o
         8          4        133          0          0         68   ctype_o.o
         0          0          0          0          0          0   entry.o
         0          0          0          0          0          0   entry10a.o
         0          0          0          0          0          0   entry11a.o
         8          4          0          0          0          0   entry2.o
         4          0          0          0          0          0   entry5.o
         0          0          0          0          0          0   entry7b.o
         0          0          0          0          0          0   entry8b.o
         8          4          0          0          0          0   entry9a.o
         8          4          0          4          0         68   errno.o
        30          0          0          0          0          0   handlers.o
        36          8          0          0          0         68   init.o
        26          0          0          0          0         80   memcmp.o
        36          0          0          0          0         68   memcpya.o
        36          0          0          0          0        108   memseta.o
        24          0          0          0          0         68   strcat.o
        14          0          0          0          0         68   strlen.o
        36          0          0          0          0         80   strstr.o
       112          0          0          0          0         88   strtol.o

    ----------------------------------------------------------------------
       602         24        134          4          0       1004   Library Totals
         4          0          1          0          0          0   (incl. Padding)

    ----------------------------------------------------------------------

      Code (inc. data)   RO Data    RW Data    ZI Data      Debug   Library Name

       598         24        133          4          0       1004   mc_w.l

    ----------------------------------------------------------------------
       602         24        134          4          0       1004   Library Totals

    ----------------------------------------------------------------------

==============================================================================


      Code (inc. data)   RO Data    RW Data    ZI Data      Debug   

     13954        918        470         60       1580     347983   Grand Totals
     13954        918        470         60       1580     347983   ELF Image Totals
     13954        918        470         60          0          0   ROM Totals

==============================================================================

    Total RO  Size (Code + RO Data)                14424 (  14.09kB)
    Total RW  Size (RW Data + ZI Data)              1640 (   1.60kB)
    Total ROM Size (Code + RO Data + RW Data)      14484 (  14.14kB)

==============================================================================

