Component: ARM Compiler 5.06 update 1 (build 61) Tool: armlink [4d35a8]

==============================================================================

Section Cross References

    startup_stm32f10x_hd.o(RESET) refers to startup_stm32f10x_hd.o(STACK) for __initial_sp
    startup_stm32f10x_hd.o(RESET) refers to startup_stm32f10x_hd.o(.text) for Reset_Handler
    startup_stm32f10x_hd.o(RESET) refers to timer.o(.text) for TIM2_IRQHandler
    startup_stm32f10x_hd.o(RESET) refers to uart.o(.text) for USART2_IRQHandler
    startup_stm32f10x_hd.o(.text) refers to system_stm32f10x.o(.text) for SystemInit
    startup_stm32f10x_hd.o(.text) refers to entry.o(.ARM.Collect$$$$00000000) for __main
    stm32f10x_gpio.o(.text) refers to stm32f10x_rcc.o(.text) for RCC_APB2PeriphResetCmd
    stm32f10x_rcc.o(.text) refers to stm32f10x_rcc.o(.data) for APBAHBPrescTable
    stm32f10x_tim.o(.text) refers to stm32f10x_rcc.o(.text) for RCC_APB2PeriphResetCmd
    stm32f10x_usart.o(.text) refers to stm32f10x_rcc.o(.text) for RCC_APB2PeriphResetCmd
    system_stm32f10x.o(.text) refers to system_stm32f10x.o(.data) for SystemCoreClock
    common.o(.text) refers to strstr.o(.text) for strstr
    common.o(.text) refers to strlen.o(.text) for strlen
    common.o(.text) refers to memcmp.o(.text) for memcmp
    common.o(.text) refers to memcpya.o(.text) for __aeabi_memcpy
    flash.o(.text) refers to stm32f10x_flash.o(.text) for FLASH_Unlock
    ftp.o(.text) refers to memseta.o(.text) for __aeabi_memclr4
    ftp.o(.text) refers to uart.o(.text) for receive_data
    ftp.o(.text) refers to strstr.o(.text) for strstr
    ftp.o(.text) refers to common.o(.text) for str_picked
    ftp.o(.text) refers to atoi.o(.text) for atoi
    ftp.o(.text) refers to timer.o(.text) for delay_1ms
    ftp.o(.text) refers to strcat.o(.text) for strcat
    ftp.o(.text) refers to bsp.o(.text) for iwatchdog_clear
    ftp.o(.text) refers to flash.o(.text) for flash_write_data
    ftp.o(.text) refers to gprs.o(.data) for send_at_flag
    ftp.o(.text) refers to uart.o(.data) for rece_buff2
    ftp.o(.text) refers to timer.o(.bss) for g_tim_cnt
    gprs.o(.text) refers to memseta.o(.text) for __aeabi_memclr4
    gprs.o(.text) refers to uart.o(.text) for receive_data
    gprs.o(.text) refers to strstr.o(.text) for strstr
    gprs.o(.text) refers to timer.o(.text) for delay_1ms
    gprs.o(.text) refers to bsp.o(.text) for gprs_config
    gprs.o(.text) refers to gprs.o(.data) for send_at_flag
    gprs.o(.text) refers to uart.o(.data) for rece_buff2
    gprs.o(.text) refers to timer.o(.bss) for g_tim_cnt
    main.o(.text) refers to memseta.o(.text) for __aeabi_memclr4
    main.o(.text) refers to bsp.o(.text) for bsp_init
    main.o(.text) refers to timer.o(.text) for delay_1ms
    main.o(.text) refers to gprs.o(.text) for gprs_init
    main.o(.text) refers to ftp.o(.text) for ftp_download_ini
    main.o(.text) refers to flash.o(.text) for flash_page_erase
    main.o(.text) refers to updata.o(.text) for get_app_check_sum
    main.o(.text) refers to common.o(.text) for itoa
    main.o(.text) refers to gprs.o(.data) for gprs_status
    timer.o(.text) refers to stm32f10x_tim.o(.text) for TIM_GetITStatus
    timer.o(.text) refers to stm32f10x_gpio.o(.text) for GPIO_ResetBits
    timer.o(.text) refers to timer.o(.data) for g_delay_cnt
    timer.o(.text) refers to timer.o(.bss) for g_tim_cnt
    uart.o(.text) refers to stm32f10x_usart.o(.text) for USART_GetITStatus
    uart.o(.text) refers to memcpya.o(.text) for __aeabi_memcpy
    uart.o(.text) refers to common.o(.text) for itoa
    uart.o(.text) refers to gprs.o(.data) for send_at_flag
    uart.o(.text) refers to uart.o(.data) for rece_over_flag
    uart.o(.text) refers to timer.o(.bss) for g_tim_cnt
    uart.o(.data) refers to uart.o(.bss) for sb
    updata.o(.text) refers to flash.o(.text) for flash_read_data
    updata.o(.text) refers to atoi.o(.text) for atoi
    bsp.o(.text) refers to stm32f10x_rcc.o(.text) for RCC_DeInit
    bsp.o(.text) refers to stm32f10x_flash.o(.text) for FLASH_PrefetchBufferCmd
    bsp.o(.text) refers to stm32f10x_iwdg.o(.text) for IWDG_WriteAccessCmd
    bsp.o(.text) refers to stm32f10x_gpio.o(.text) for GPIO_PinRemapConfig
    bsp.o(.text) refers to stm32f10x_tim.o(.text) for TIM_DeInit
    bsp.o(.text) refers to timer.o(.text) for delay_1ms
    bsp.o(.text) refers to stm32f10x_usart.o(.text) for USART_DeInit
    bsp.o(.text) refers to misc.o(.text) for NVIC_DeInit
    entry.o(.ARM.Collect$$$$00000000) refers (Special) to entry10a.o(.ARM.Collect$$$$0000000D) for __rt_final_cpp
    entry.o(.ARM.Collect$$$$00000000) refers (Special) to entry11a.o(.ARM.Collect$$$$0000000F) for __rt_final_exit
    entry.o(.ARM.Collect$$$$00000000) refers (Special) to entry7b.o(.ARM.Collect$$$$00000008) for _main_clock
    entry.o(.ARM.Collect$$$$00000000) refers (Special) to entry8b.o(.ARM.Collect$$$$0000000A) for _main_cpp_init
    entry.o(.ARM.Collect$$$$00000000) refers (Special) to entry9a.o(.ARM.Collect$$$$0000000B) for _main_init
    entry.o(.ARM.Collect$$$$00000000) refers (Special) to entry5.o(.ARM.Collect$$$$00000004) for _main_scatterload
    entry.o(.ARM.Collect$$$$00000000) refers (Special) to entry2.o(.ARM.Collect$$$$00000001) for _main_stk
    atoi.o(.text) refers to errno.o(i.__aeabi_errno_addr) for __aeabi_errno_addr
    atoi.o(.text) refers to strtol.o(.text) for strtol
    entry2.o(.ARM.Collect$$$$00000001) refers to entry2.o(.ARM.Collect$$$$00002712) for __lit__00000000
    entry2.o(.ARM.Collect$$$$00002712) refers to startup_stm32f10x_hd.o(STACK) for __initial_sp
    entry2.o(__vectab_stack_and_reset_area) refers to startup_stm32f10x_hd.o(STACK) for __initial_sp
    entry2.o(__vectab_stack_and_reset_area) refers to entry.o(.ARM.Collect$$$$00000000) for __main
    entry5.o(.ARM.Collect$$$$00000004) refers to init.o(.text) for __scatterload
    entry9a.o(.ARM.Collect$$$$0000000B) refers to main.o(.text) for main
    entry9b.o(.ARM.Collect$$$$0000000C) refers to main.o(.text) for main
    errno.o(i.__aeabi_errno_addr) refers to errno.o(.data) for .data
    errno.o(i.__read_errno) refers to errno.o(.data) for .data
    errno.o(i.__set_errno) refers to errno.o(.data) for .data
    strtol.o(.text) refers to ctype_o.o(.text) for __rt_ctype_table
    strtol.o(.text) refers to _strtoul.o(.text) for _strtoul
    strtol.o(.text) refers to errno.o(i.__aeabi_errno_addr) for __aeabi_errno_addr
    init.o(.text) refers to entry5.o(.ARM.Collect$$$$00000004) for __main_after_scatterload
    ctype_o.o(.text) refers to ctype_o.o(.constdata) for .constdata
    ctype_o.o(.constdata) refers to ctype_o.o(.constdata) for __ctype_table
    isalnum_o.o(.text) refers to ctype_o.o(.text) for __rt_ctype_table
    isalpha_o.o(.text) refers to ctype_o.o(.text) for __rt_ctype_table
    isblank_o.o(.text) refers to ctype_o.o(.constdata) for __ctype_table
    iscntrl_o.o(.text) refers to ctype_o.o(.text) for __rt_ctype_table
    isdigit_o.o(.text) refers to ctype_o.o(.text) for __rt_ctype_table
    isgraph_o.o(.text) refers to ctype_o.o(.text) for __rt_ctype_table
    islower_o.o(.text) refers to ctype_o.o(.text) for __rt_ctype_table
    isprint_o.o(.text) refers to ctype_o.o(.text) for __rt_ctype_table
    ispunct_o.o(.text) refers to ctype_o.o(.text) for __rt_ctype_table
    isspace_o.o(.text) refers to ctype_o.o(.text) for __rt_ctype_table
    isupper_o.o(.text) refers to ctype_o.o(.text) for __rt_ctype_table
    isxdigit_o.o(.text) refers to ctype_o.o(.text) for __rt_ctype_table
    _strtoul.o(.text) refers to _chval.o(.text) for _chval
    _strtoul.o(.text) refers to errno.o(i.__aeabi_errno_addr) for __aeabi_errno_addr


==============================================================================

Removing Unused input sections from the image.

    Removing startup_stm32f10x_hd.o(HEAP), (512 bytes).
    Removing core_cm3.o(.emb_text), (32 bytes).

2 unused section(s) (total 544 bytes) removed from the image.

==============================================================================

Image Symbol Table

    Local Symbols

    Symbol Name                              Value     Ov Type        Size  Object(Section)

    ../clib/microlib/ctype/ctype.c           0x00000000   Number         0  isxdigit_o.o ABSOLUTE
    ../clib/microlib/ctype/ctype.c           0x00000000   Number         0  isalpha_o.o ABSOLUTE
    ../clib/microlib/ctype/ctype.c           0x00000000   Number         0  isblank_o.o ABSOLUTE
    ../clib/microlib/ctype/ctype.c           0x00000000   Number         0  isupper_o.o ABSOLUTE
    ../clib/microlib/ctype/ctype.c           0x00000000   Number         0  isspace_o.o ABSOLUTE
    ../clib/microlib/ctype/ctype.c           0x00000000   Number         0  ispunct_o.o ABSOLUTE
    ../clib/microlib/ctype/ctype.c           0x00000000   Number         0  iscntrl_o.o ABSOLUTE
    ../clib/microlib/ctype/ctype.c           0x00000000   Number         0  isprint_o.o ABSOLUTE
    ../clib/microlib/ctype/ctype.c           0x00000000   Number         0  isdigit_o.o ABSOLUTE
    ../clib/microlib/ctype/ctype.c           0x00000000   Number         0  islower_o.o ABSOLUTE
    ../clib/microlib/ctype/ctype.c           0x00000000   Number         0  ctype_o.o ABSOLUTE
    ../clib/microlib/ctype/ctype.c           0x00000000   Number         0  isgraph_o.o ABSOLUTE
    ../clib/microlib/ctype/ctype.c           0x00000000   Number         0  isalnum_o.o ABSOLUTE
    ../clib/microlib/errno.c                 0x00000000   Number         0  errno.o ABSOLUTE
    ../clib/microlib/init/entry.s            0x00000000   Number         0  entry.o ABSOLUTE
    ../clib/microlib/init/entry.s            0x00000000   Number         0  entry8a.o ABSOLUTE
    ../clib/microlib/init/entry.s            0x00000000   Number         0  entry11b.o ABSOLUTE
    ../clib/microlib/init/entry.s            0x00000000   Number         0  entry11a.o ABSOLUTE
    ../clib/microlib/init/entry.s            0x00000000   Number         0  entry10b.o ABSOLUTE
    ../clib/microlib/init/entry.s            0x00000000   Number         0  entry10a.o ABSOLUTE
    ../clib/microlib/init/entry.s            0x00000000   Number         0  entry9b.o ABSOLUTE
    ../clib/microlib/init/entry.s            0x00000000   Number         0  entry9a.o ABSOLUTE
    ../clib/microlib/init/entry.s            0x00000000   Number         0  entry8b.o ABSOLUTE
    ../clib/microlib/init/entry.s            0x00000000   Number         0  entry7a.o ABSOLUTE
    ../clib/microlib/init/entry.s            0x00000000   Number         0  entry7b.o ABSOLUTE
    ../clib/microlib/init/entry.s            0x00000000   Number         0  entry5.o ABSOLUTE
    ../clib/microlib/init/entry.s            0x00000000   Number         0  entry2.o ABSOLUTE
    ../clib/microlib/string/memcmp.c         0x00000000   Number         0  memcmp.o ABSOLUTE
    ../clib/microlib/string/memcpy.c         0x00000000   Number         0  memcpyb.o ABSOLUTE
    ../clib/microlib/string/memcpy.c         0x00000000   Number         0  memcpya.o ABSOLUTE
    ../clib/microlib/string/memset.c         0x00000000   Number         0  memseta.o ABSOLUTE
    ../clib/microlib/string/strcat.c         0x00000000   Number         0  strcat.o ABSOLUTE
    ../clib/microlib/string/strlen.c         0x00000000   Number         0  strlen.o ABSOLUTE
    ../clib/microlib/string/strstr.c         0x00000000   Number         0  strstr.o ABSOLUTE
    ../clib/scanf.c                          0x00000000   Number         0  _chval.o ABSOLUTE
    ../clib/scanf.c                          0x00000000   Number         0  _strtoul.o ABSOLUTE
    ../clib/scanf.c                          0x00000000   Number         0  strtol.o ABSOLUTE
    ../clib/scanf.c                          0x00000000   Number         0  atoi.o ABSOLUTE
    ..\CM3\core_cm3.c                        0x00000000   Number         0  core_cm3.o ABSOLUTE
    ..\CM3\system_stm32f10x.c                0x00000000   Number         0  system_stm32f10x.o ABSOLUTE
    ..\FWlib\SRC\misc.c                      0x00000000   Number         0  misc.o ABSOLUTE
    ..\FWlib\SRC\stm32f10x_flash.c           0x00000000   Number         0  stm32f10x_flash.o ABSOLUTE
    ..\FWlib\SRC\stm32f10x_gpio.c            0x00000000   Number         0  stm32f10x_gpio.o ABSOLUTE
    ..\FWlib\SRC\stm32f10x_iwdg.c            0x00000000   Number         0  stm32f10x_iwdg.o ABSOLUTE
    ..\FWlib\SRC\stm32f10x_rcc.c             0x00000000   Number         0  stm32f10x_rcc.o ABSOLUTE
    ..\FWlib\SRC\stm32f10x_tim.c             0x00000000   Number         0  stm32f10x_tim.o ABSOLUTE
    ..\FWlib\SRC\stm32f10x_usart.c           0x00000000   Number         0  stm32f10x_usart.o ABSOLUTE
    ..\\CM3\\core_cm3.c                      0x00000000   Number         0  core_cm3.o ABSOLUTE
    ..\app\common.c                          0x00000000   Number         0  common.o ABSOLUTE
    ..\app\flash.c                           0x00000000   Number         0  flash.o ABSOLUTE
    ..\app\ftp.c                             0x00000000   Number         0  ftp.o ABSOLUTE
    ..\app\gprs.c                            0x00000000   Number         0  gprs.o ABSOLUTE
    ..\app\main.c                            0x00000000   Number         0  main.o ABSOLUTE
    ..\app\timer.c                           0x00000000   Number         0  timer.o ABSOLUTE
    ..\app\uart.c                            0x00000000   Number         0  uart.o ABSOLUTE
    ..\app\updata.c                          0x00000000   Number         0  updata.o ABSOLUTE
    ..\bsp\bsp.c                             0x00000000   Number         0  bsp.o ABSOLUTE
    ..\startup\startup_stm32f10x_hd.s        0x00000000   Number         0  startup_stm32f10x_hd.o ABSOLUTE
    dc.s                                     0x00000000   Number         0  dc.o ABSOLUTE
    handlers.s                               0x00000000   Number         0  handlers.o ABSOLUTE
    init.s                                   0x00000000   Number         0  init.o ABSOLUTE
    RESET                                    0x08001c00   Section      304  startup_stm32f10x_hd.o(RESET)
    .ARM.Collect$$$$00000000                 0x08001d30   Section        0  entry.o(.ARM.Collect$$$$00000000)
    .ARM.Collect$$$$00000001                 0x08001d30   Section        4  entry2.o(.ARM.Collect$$$$00000001)
    .ARM.Collect$$$$00000004                 0x08001d34   Section        4  entry5.o(.ARM.Collect$$$$00000004)
    .ARM.Collect$$$$00000008                 0x08001d38   Section        0  entry7b.o(.ARM.Collect$$$$00000008)
    .ARM.Collect$$$$0000000A                 0x08001d38   Section        0  entry8b.o(.ARM.Collect$$$$0000000A)
    .ARM.Collect$$$$0000000B                 0x08001d38   Section        8  entry9a.o(.ARM.Collect$$$$0000000B)
    .ARM.Collect$$$$0000000D                 0x08001d40   Section        0  entry10a.o(.ARM.Collect$$$$0000000D)
    .ARM.Collect$$$$0000000F                 0x08001d40   Section        0  entry11a.o(.ARM.Collect$$$$0000000F)
    .ARM.Collect$$$$00002712                 0x08001d40   Section        4  entry2.o(.ARM.Collect$$$$00002712)
    __lit__00000000                          0x08001d40   Data           4  entry2.o(.ARM.Collect$$$$00002712)
    .text                                    0x08001d44   Section       36  startup_stm32f10x_hd.o(.text)
    .text                                    0x08001d68   Section        0  misc.o(.text)
    .text                                    0x08001e7c   Section        0  stm32f10x_gpio.o(.text)
    .text                                    0x080021d8   Section        0  stm32f10x_rcc.o(.text)
    .text                                    0x08002584   Section        0  stm32f10x_flash.o(.text)
    .text                                    0x08002b40   Section        0  stm32f10x_tim.o(.text)
    TI4_Config                               0x08002fe7   Thumb Code   130  stm32f10x_tim.o(.text)
    TI3_Config                               0x0800307b   Thumb Code   122  stm32f10x_tim.o(.text)
    TI2_Config                               0x0800310f   Thumb Code   130  stm32f10x_tim.o(.text)
    TI1_Config                               0x080031a3   Thumb Code   108  stm32f10x_tim.o(.text)
    .text                                    0x0800395c   Section        0  stm32f10x_iwdg.o(.text)
    .text                                    0x0800399c   Section        0  stm32f10x_usart.o(.text)
    .text                                    0x08003da4   Section        0  system_stm32f10x.o(.text)
    SetSysClockTo72                          0x08003da5   Thumb Code   214  system_stm32f10x.o(.text)
    SetSysClock                              0x08003e7b   Thumb Code     8  system_stm32f10x.o(.text)
    .text                                    0x08003f8c   Section        0  common.o(.text)
    .text                                    0x08004158   Section        0  flash.o(.text)
    .text                                    0x0800421c   Section        0  ftp.o(.text)
    .text                                    0x0800473c   Section        0  gprs.o(.text)
    .text                                    0x08004ab4   Section        0  main.o(.text)
    .text                                    0x08004bc8   Section        0  timer.o(.text)
    .text                                    0x08004c84   Section        0  uart.o(.text)
    .text                                    0x08004e64   Section        0  updata.o(.text)
    .text                                    0x08004ec0   Section        0  bsp.o(.text)
    .text                                    0x08005178   Section        0  memcpya.o(.text)
    .text                                    0x0800519c   Section        0  memseta.o(.text)
    .text                                    0x080051c0   Section        0  strcat.o(.text)
    .text                                    0x080051d8   Section        0  strstr.o(.text)
    .text                                    0x080051fc   Section        0  strlen.o(.text)
    .text                                    0x0800520a   Section        0  memcmp.o(.text)
    .text                                    0x08005224   Section        0  atoi.o(.text)
    .text                                    0x0800523e   Section        0  strtol.o(.text)
    .text                                    0x080052b0   Section       36  init.o(.text)
    .text                                    0x080052d4   Section        0  ctype_o.o(.text)
    .text                                    0x080052dc   Section        0  _strtoul.o(.text)
    .text                                    0x0800537a   Section        0  _chval.o(.text)
    i.__aeabi_errno_addr                     0x08005398   Section        0  errno.o(i.__aeabi_errno_addr)
    i.__scatterload_copy                     0x080053a0   Section       14  handlers.o(i.__scatterload_copy)
    i.__scatterload_null                     0x080053ae   Section        2  handlers.o(i.__scatterload_null)
    i.__scatterload_zeroinit                 0x080053b0   Section       14  handlers.o(i.__scatterload_zeroinit)
    .constdata                               0x080053be   Section      129  ctype_o.o(.constdata)
    .constdata                               0x08005440   Section        4  ctype_o.o(.constdata)
    table                                    0x08005440   Data           4  ctype_o.o(.constdata)
    .data                                    0x20000000   Section       20  stm32f10x_rcc.o(.data)
    APBAHBPrescTable                         0x20000000   Data          16  stm32f10x_rcc.o(.data)
    ADCPrescTable                            0x20000010   Data           4  stm32f10x_rcc.o(.data)
    .data                                    0x20000014   Section       20  system_stm32f10x.o(.data)
    .data                                    0x20000028   Section        2  gprs.o(.data)
    .data                                    0x2000002c   Section        8  timer.o(.data)
    .data                                    0x20000034   Section        5  uart.o(.data)
    .data                                    0x2000003c   Section        4  errno.o(.data)
    _errno                                   0x2000003c   Data           4  errno.o(.data)
    .bss                                     0x20000040   Section       36  timer.o(.bss)
    .bss                                     0x20000064   Section      514  uart.o(.bss)
    sb                                       0x20000064   Data         514  uart.o(.bss)
    STACK                                    0x20000268   Section     1024  startup_stm32f10x_hd.o(STACK)

    Global Symbols

    Symbol Name                              Value     Ov Type        Size  Object(Section)

    BuildAttributes$$THM_ISAv4$P$D$K$B$S$PE$A:L22UL41UL21$X:L11$S22US41US21$IEEE1$IW$USESV6$~STKCKD$USESV7$~SHL$OSPACE$EBA8$MICROLIB$REQ8$PRES8$EABIv2 0x00000000   Number         0  anon$$obj.o ABSOLUTE
    __ARM_use_no_argv                        0x00000000   Number         0  main.o ABSOLUTE
    __cpp_initialize__aeabi_                  - Undefined Weak Reference
    __cxa_finalize                            - Undefined Weak Reference
    __decompress                              - Undefined Weak Reference
    _clock_init                               - Undefined Weak Reference
    _microlib_exit                            - Undefined Weak Reference
    __Vectors_Size                           0x00000130   Number         0  startup_stm32f10x_hd.o ABSOLUTE
    __Vectors                                0x08001c00   Data           4  startup_stm32f10x_hd.o(RESET)
    __Vectors_End                            0x08001d30   Data           0  startup_stm32f10x_hd.o(RESET)
    __main                                   0x08001d31   Thumb Code     0  entry.o(.ARM.Collect$$$$00000000)
    _main_stk                                0x08001d31   Thumb Code     0  entry2.o(.ARM.Collect$$$$00000001)
    _main_scatterload                        0x08001d35   Thumb Code     0  entry5.o(.ARM.Collect$$$$00000004)
    __main_after_scatterload                 0x08001d39   Thumb Code     0  entry5.o(.ARM.Collect$$$$00000004)
    _main_clock                              0x08001d39   Thumb Code     0  entry7b.o(.ARM.Collect$$$$00000008)
    _main_cpp_init                           0x08001d39   Thumb Code     0  entry8b.o(.ARM.Collect$$$$0000000A)
    _main_init                               0x08001d39   Thumb Code     0  entry9a.o(.ARM.Collect$$$$0000000B)
    __rt_final_cpp                           0x08001d41   Thumb Code     0  entry10a.o(.ARM.Collect$$$$0000000D)
    __rt_final_exit                          0x08001d41   Thumb Code     0  entry11a.o(.ARM.Collect$$$$0000000F)
    Reset_Handler                            0x08001d45   Thumb Code     8  startup_stm32f10x_hd.o(.text)
    NMI_Handler                              0x08001d4d   Thumb Code     2  startup_stm32f10x_hd.o(.text)
    HardFault_Handler                        0x08001d4f   Thumb Code     2  startup_stm32f10x_hd.o(.text)
    MemManage_Handler                        0x08001d51   Thumb Code     2  startup_stm32f10x_hd.o(.text)
    BusFault_Handler                         0x08001d53   Thumb Code     2  startup_stm32f10x_hd.o(.text)
    UsageFault_Handler                       0x08001d55   Thumb Code     2  startup_stm32f10x_hd.o(.text)
    SVC_Handler                              0x08001d57   Thumb Code     2  startup_stm32f10x_hd.o(.text)
    DebugMon_Handler                         0x08001d59   Thumb Code     2  startup_stm32f10x_hd.o(.text)
    PendSV_Handler                           0x08001d5b   Thumb Code     2  startup_stm32f10x_hd.o(.text)
    SysTick_Handler                          0x08001d5d   Thumb Code     2  startup_stm32f10x_hd.o(.text)
    ADC1_2_IRQHandler                        0x08001d5f   Thumb Code     0  startup_stm32f10x_hd.o(.text)
    ADC3_IRQHandler                          0x08001d5f   Thumb Code     0  startup_stm32f10x_hd.o(.text)
    CAN1_RX1_IRQHandler                      0x08001d5f   Thumb Code     0  startup_stm32f10x_hd.o(.text)
    CAN1_SCE_IRQHandler                      0x08001d5f   Thumb Code     0  startup_stm32f10x_hd.o(.text)
    DMA1_Channel1_IRQHandler                 0x08001d5f   Thumb Code     0  startup_stm32f10x_hd.o(.text)
    DMA1_Channel2_IRQHandler                 0x08001d5f   Thumb Code     0  startup_stm32f10x_hd.o(.text)
    DMA1_Channel3_IRQHandler                 0x08001d5f   Thumb Code     0  startup_stm32f10x_hd.o(.text)
    DMA1_Channel4_IRQHandler                 0x08001d5f   Thumb Code     0  startup_stm32f10x_hd.o(.text)
    DMA1_Channel5_IRQHandler                 0x08001d5f   Thumb Code     0  startup_stm32f10x_hd.o(.text)
    DMA1_Channel6_IRQHandler                 0x08001d5f   Thumb Code     0  startup_stm32f10x_hd.o(.text)
    DMA1_Channel7_IRQHandler                 0x08001d5f   Thumb Code     0  startup_stm32f10x_hd.o(.text)
    DMA2_Channel1_IRQHandler                 0x08001d5f   Thumb Code     0  startup_stm32f10x_hd.o(.text)
    DMA2_Channel2_IRQHandler                 0x08001d5f   Thumb Code     0  startup_stm32f10x_hd.o(.text)
    DMA2_Channel3_IRQHandler                 0x08001d5f   Thumb Code     0  startup_stm32f10x_hd.o(.text)
    DMA2_Channel4_5_IRQHandler               0x08001d5f   Thumb Code     0  startup_stm32f10x_hd.o(.text)
    EXTI0_IRQHandler                         0x08001d5f   Thumb Code     0  startup_stm32f10x_hd.o(.text)
    EXTI15_10_IRQHandler                     0x08001d5f   Thumb Code     0  startup_stm32f10x_hd.o(.text)
    EXTI1_IRQHandler                         0x08001d5f   Thumb Code     0  startup_stm32f10x_hd.o(.text)
    EXTI2_IRQHandler                         0x08001d5f   Thumb Code     0  startup_stm32f10x_hd.o(.text)
    EXTI3_IRQHandler                         0x08001d5f   Thumb Code     0  startup_stm32f10x_hd.o(.text)
    EXTI4_IRQHandler                         0x08001d5f   Thumb Code     0  startup_stm32f10x_hd.o(.text)
    EXTI9_5_IRQHandler                       0x08001d5f   Thumb Code     0  startup_stm32f10x_hd.o(.text)
    FLASH_IRQHandler                         0x08001d5f   Thumb Code     0  startup_stm32f10x_hd.o(.text)
    FSMC_IRQHandler                          0x08001d5f   Thumb Code     0  startup_stm32f10x_hd.o(.text)
    I2C1_ER_IRQHandler                       0x08001d5f   Thumb Code     0  startup_stm32f10x_hd.o(.text)
    I2C1_EV_IRQHandler                       0x08001d5f   Thumb Code     0  startup_stm32f10x_hd.o(.text)
    I2C2_ER_IRQHandler                       0x08001d5f   Thumb Code     0  startup_stm32f10x_hd.o(.text)
    I2C2_EV_IRQHandler                       0x08001d5f   Thumb Code     0  startup_stm32f10x_hd.o(.text)
    PVD_IRQHandler                           0x08001d5f   Thumb Code     0  startup_stm32f10x_hd.o(.text)
    RCC_IRQHandler                           0x08001d5f   Thumb Code     0  startup_stm32f10x_hd.o(.text)
    RTCAlarm_IRQHandler                      0x08001d5f   Thumb Code     0  startup_stm32f10x_hd.o(.text)
    RTC_IRQHandler                           0x08001d5f   Thumb Code     0  startup_stm32f10x_hd.o(.text)
    SDIO_IRQHandler                          0x08001d5f   Thumb Code     0  startup_stm32f10x_hd.o(.text)
    SPI1_IRQHandler                          0x08001d5f   Thumb Code     0  startup_stm32f10x_hd.o(.text)
    SPI2_IRQHandler                          0x08001d5f   Thumb Code     0  startup_stm32f10x_hd.o(.text)
    SPI3_IRQHandler                          0x08001d5f   Thumb Code     0  startup_stm32f10x_hd.o(.text)
    TAMPER_IRQHandler                        0x08001d5f   Thumb Code     0  startup_stm32f10x_hd.o(.text)
    TIM1_BRK_IRQHandler                      0x08001d5f   Thumb Code     0  startup_stm32f10x_hd.o(.text)
    TIM1_CC_IRQHandler                       0x08001d5f   Thumb Code     0  startup_stm32f10x_hd.o(.text)
    TIM1_TRG_COM_IRQHandler                  0x08001d5f   Thumb Code     0  startup_stm32f10x_hd.o(.text)
    TIM1_UP_IRQHandler                       0x08001d5f   Thumb Code     0  startup_stm32f10x_hd.o(.text)
    TIM3_IRQHandler                          0x08001d5f   Thumb Code     0  startup_stm32f10x_hd.o(.text)
    TIM4_IRQHandler                          0x08001d5f   Thumb Code     0  startup_stm32f10x_hd.o(.text)
    TIM5_IRQHandler                          0x08001d5f   Thumb Code     0  startup_stm32f10x_hd.o(.text)
    TIM6_IRQHandler                          0x08001d5f   Thumb Code     0  startup_stm32f10x_hd.o(.text)
    TIM7_IRQHandler                          0x08001d5f   Thumb Code     0  startup_stm32f10x_hd.o(.text)
    TIM8_BRK_IRQHandler                      0x08001d5f   Thumb Code     0  startup_stm32f10x_hd.o(.text)
    TIM8_CC_IRQHandler                       0x08001d5f   Thumb Code     0  startup_stm32f10x_hd.o(.text)
    TIM8_TRG_COM_IRQHandler                  0x08001d5f   Thumb Code     0  startup_stm32f10x_hd.o(.text)
    TIM8_UP_IRQHandler                       0x08001d5f   Thumb Code     0  startup_stm32f10x_hd.o(.text)
    UART4_IRQHandler                         0x08001d5f   Thumb Code     0  startup_stm32f10x_hd.o(.text)
    UART5_IRQHandler                         0x08001d5f   Thumb Code     0  startup_stm32f10x_hd.o(.text)
    USART1_IRQHandler                        0x08001d5f   Thumb Code     0  startup_stm32f10x_hd.o(.text)
    USART3_IRQHandler                        0x08001d5f   Thumb Code     0  startup_stm32f10x_hd.o(.text)
    USBWakeUp_IRQHandler                     0x08001d5f   Thumb Code     0  startup_stm32f10x_hd.o(.text)
    USB_HP_CAN1_TX_IRQHandler                0x08001d5f   Thumb Code     0  startup_stm32f10x_hd.o(.text)
    USB_LP_CAN1_RX0_IRQHandler               0x08001d5f   Thumb Code     0  startup_stm32f10x_hd.o(.text)
    WWDG_IRQHandler                          0x08001d5f   Thumb Code     0  startup_stm32f10x_hd.o(.text)
    NVIC_DeInit                              0x08001d69   Thumb Code    52  misc.o(.text)
    NVIC_PriorityGroupConfig                 0x08001d9d   Thumb Code    10  misc.o(.text)
    NVIC_Init                                0x08001da7   Thumb Code   100  misc.o(.text)
    NVIC_SetVectorTable                      0x08001e0b   Thumb Code    14  misc.o(.text)
    NVIC_SystemLPConfig                      0x08001e19   Thumb Code    34  misc.o(.text)
    SysTick_CLKSourceConfig                  0x08001e3b   Thumb Code    40  misc.o(.text)
    GPIO_DeInit                              0x08001e7d   Thumb Code   172  stm32f10x_gpio.o(.text)
    GPIO_AFIODeInit                          0x08001f29   Thumb Code    20  stm32f10x_gpio.o(.text)
    GPIO_Init                                0x08001f3d   Thumb Code   278  stm32f10x_gpio.o(.text)
    GPIO_StructInit                          0x08002053   Thumb Code    16  stm32f10x_gpio.o(.text)
    GPIO_ReadInputDataBit                    0x08002063   Thumb Code    18  stm32f10x_gpio.o(.text)
    GPIO_ReadInputData                       0x08002075   Thumb Code     8  stm32f10x_gpio.o(.text)
    GPIO_ReadOutputDataBit                   0x0800207d   Thumb Code    18  stm32f10x_gpio.o(.text)
    GPIO_ReadOutputData                      0x0800208f   Thumb Code     8  stm32f10x_gpio.o(.text)
    GPIO_SetBits                             0x08002097   Thumb Code     4  stm32f10x_gpio.o(.text)
    GPIO_ResetBits                           0x0800209b   Thumb Code     4  stm32f10x_gpio.o(.text)
    GPIO_WriteBit                            0x0800209f   Thumb Code    10  stm32f10x_gpio.o(.text)
    GPIO_Write                               0x080020a9   Thumb Code     4  stm32f10x_gpio.o(.text)
    GPIO_PinLockConfig                       0x080020ad   Thumb Code    18  stm32f10x_gpio.o(.text)
    GPIO_EventOutputConfig                   0x080020bf   Thumb Code    26  stm32f10x_gpio.o(.text)
    GPIO_EventOutputCmd                      0x080020d9   Thumb Code     6  stm32f10x_gpio.o(.text)
    GPIO_PinRemapConfig                      0x080020df   Thumb Code   138  stm32f10x_gpio.o(.text)
    GPIO_EXTILineConfig                      0x08002169   Thumb Code    66  stm32f10x_gpio.o(.text)
    GPIO_ETH_MediaInterfaceConfig            0x080021ab   Thumb Code     8  stm32f10x_gpio.o(.text)
    RCC_DeInit                               0x080021d9   Thumb Code    64  stm32f10x_rcc.o(.text)
    RCC_HSEConfig                            0x08002219   Thumb Code    70  stm32f10x_rcc.o(.text)
    RCC_GetFlagStatus                        0x0800225f   Thumb Code    56  stm32f10x_rcc.o(.text)
    RCC_WaitForHSEStartUp                    0x08002297   Thumb Code    56  stm32f10x_rcc.o(.text)
    RCC_AdjustHSICalibrationValue            0x080022cf   Thumb Code    20  stm32f10x_rcc.o(.text)
    RCC_HSICmd                               0x080022e3   Thumb Code     6  stm32f10x_rcc.o(.text)
    RCC_PLLConfig                            0x080022e9   Thumb Code    24  stm32f10x_rcc.o(.text)
    RCC_PLLCmd                               0x08002301   Thumb Code     6  stm32f10x_rcc.o(.text)
    RCC_SYSCLKConfig                         0x08002307   Thumb Code    18  stm32f10x_rcc.o(.text)
    RCC_GetSYSCLKSource                      0x08002319   Thumb Code    10  stm32f10x_rcc.o(.text)
    RCC_HCLKConfig                           0x08002323   Thumb Code    18  stm32f10x_rcc.o(.text)
    RCC_PCLK1Config                          0x08002335   Thumb Code    18  stm32f10x_rcc.o(.text)
    RCC_PCLK2Config                          0x08002347   Thumb Code    20  stm32f10x_rcc.o(.text)
    RCC_ITConfig                             0x0800235b   Thumb Code    26  stm32f10x_rcc.o(.text)
    RCC_USBCLKConfig                         0x08002375   Thumb Code     8  stm32f10x_rcc.o(.text)
    RCC_ADCCLKConfig                         0x0800237d   Thumb Code    18  stm32f10x_rcc.o(.text)
    RCC_LSEConfig                            0x0800238f   Thumb Code    50  stm32f10x_rcc.o(.text)
    RCC_LSICmd                               0x080023c1   Thumb Code     6  stm32f10x_rcc.o(.text)
    RCC_RTCCLKConfig                         0x080023c7   Thumb Code    12  stm32f10x_rcc.o(.text)
    RCC_RTCCLKCmd                            0x080023d3   Thumb Code     8  stm32f10x_rcc.o(.text)
    RCC_GetClocksFreq                        0x080023db   Thumb Code   192  stm32f10x_rcc.o(.text)
    RCC_AHBPeriphClockCmd                    0x0800249b   Thumb Code    26  stm32f10x_rcc.o(.text)
    RCC_APB2PeriphClockCmd                   0x080024b5   Thumb Code    26  stm32f10x_rcc.o(.text)
    RCC_APB1PeriphClockCmd                   0x080024cf   Thumb Code    26  stm32f10x_rcc.o(.text)
    RCC_APB2PeriphResetCmd                   0x080024e9   Thumb Code    26  stm32f10x_rcc.o(.text)
    RCC_APB1PeriphResetCmd                   0x08002503   Thumb Code    26  stm32f10x_rcc.o(.text)
    RCC_BackupResetCmd                       0x0800251d   Thumb Code     8  stm32f10x_rcc.o(.text)
    RCC_ClockSecuritySystemCmd               0x08002525   Thumb Code     6  stm32f10x_rcc.o(.text)
    RCC_MCOConfig                            0x0800252b   Thumb Code     6  stm32f10x_rcc.o(.text)
    RCC_ClearFlag                            0x08002531   Thumb Code    14  stm32f10x_rcc.o(.text)
    RCC_GetITStatus                          0x0800253f   Thumb Code    20  stm32f10x_rcc.o(.text)
    RCC_ClearITPendingBit                    0x08002553   Thumb Code     6  stm32f10x_rcc.o(.text)
    FLASH_SetLatency                         0x08002585   Thumb Code    18  stm32f10x_flash.o(.text)
    FLASH_HalfCycleAccessCmd                 0x08002597   Thumb Code    22  stm32f10x_flash.o(.text)
    FLASH_PrefetchBufferCmd                  0x080025ad   Thumb Code    22  stm32f10x_flash.o(.text)
    FLASH_Unlock                             0x080025c3   Thumb Code    12  stm32f10x_flash.o(.text)
    FLASH_UnlockBank1                        0x080025cf   Thumb Code    12  stm32f10x_flash.o(.text)
    FLASH_Lock                               0x080025db   Thumb Code    14  stm32f10x_flash.o(.text)
    FLASH_LockBank1                          0x080025e9   Thumb Code    14  stm32f10x_flash.o(.text)
    FLASH_GetBank1Status                     0x080025f7   Thumb Code    48  stm32f10x_flash.o(.text)
    FLASH_WaitForLastOperation               0x08002627   Thumb Code    38  stm32f10x_flash.o(.text)
    FLASH_ErasePage                          0x0800264d   Thumb Code    72  stm32f10x_flash.o(.text)
    FLASH_EraseAllPages                      0x08002695   Thumb Code    68  stm32f10x_flash.o(.text)
    FLASH_WaitForLastBank1Operation          0x080026d9   Thumb Code    38  stm32f10x_flash.o(.text)
    FLASH_EraseAllBank1Pages                 0x080026ff   Thumb Code    68  stm32f10x_flash.o(.text)
    FLASH_GetReadOutProtectionStatus         0x08002743   Thumb Code    20  stm32f10x_flash.o(.text)
    FLASH_EraseOptionBytes                   0x08002757   Thumb Code   150  stm32f10x_flash.o(.text)
    FLASH_ProgramWord                        0x080027ed   Thumb Code   102  stm32f10x_flash.o(.text)
    FLASH_ProgramHalfWord                    0x08002853   Thumb Code    60  stm32f10x_flash.o(.text)
    FLASH_ProgramOptionByteData              0x0800288f   Thumb Code    72  stm32f10x_flash.o(.text)
    FLASH_EnableWriteProtection              0x080028d7   Thumb Code   200  stm32f10x_flash.o(.text)
    FLASH_ReadOutProtection                  0x0800299f   Thumb Code   156  stm32f10x_flash.o(.text)
    FLASH_UserOptionByteConfig               0x08002a3b   Thumb Code    88  stm32f10x_flash.o(.text)
    FLASH_GetUserOptionByte                  0x08002a93   Thumb Code     8  stm32f10x_flash.o(.text)
    FLASH_GetWriteProtectionOptionByte       0x08002a9b   Thumb Code     6  stm32f10x_flash.o(.text)
    FLASH_GetPrefetchBufferStatus            0x08002aa1   Thumb Code    20  stm32f10x_flash.o(.text)
    FLASH_ITConfig                           0x08002ab5   Thumb Code    26  stm32f10x_flash.o(.text)
    FLASH_GetFlagStatus                      0x08002acf   Thumb Code    42  stm32f10x_flash.o(.text)
    FLASH_ClearFlag                          0x08002af9   Thumb Code     6  stm32f10x_flash.o(.text)
    FLASH_GetStatus                          0x08002aff   Thumb Code    48  stm32f10x_flash.o(.text)
    TIM_DeInit                               0x08002b41   Thumb Code   424  stm32f10x_tim.o(.text)
    TIM_TimeBaseInit                         0x08002ce9   Thumb Code   122  stm32f10x_tim.o(.text)
    TIM_OC1Init                              0x08002d63   Thumb Code   132  stm32f10x_tim.o(.text)
    TIM_OC2Init                              0x08002de7   Thumb Code   154  stm32f10x_tim.o(.text)
    TIM_OC3Init                              0x08002e81   Thumb Code   150  stm32f10x_tim.o(.text)
    TIM_OC4Init                              0x08002f17   Thumb Code   182  stm32f10x_tim.o(.text)
    TIM_SetIC4Prescaler                      0x08002fcd   Thumb Code    26  stm32f10x_tim.o(.text)
    TIM_SetIC3Prescaler                      0x08003069   Thumb Code    18  stm32f10x_tim.o(.text)
    TIM_SetIC2Prescaler                      0x080030f5   Thumb Code    26  stm32f10x_tim.o(.text)
    TIM_SetIC1Prescaler                      0x08003191   Thumb Code    18  stm32f10x_tim.o(.text)
    TIM_ICInit                               0x0800320f   Thumb Code   150  stm32f10x_tim.o(.text)
    TIM_PWMIConfig                           0x080032a5   Thumb Code   124  stm32f10x_tim.o(.text)
    TIM_BDTRConfig                           0x08003321   Thumb Code    32  stm32f10x_tim.o(.text)
    TIM_TimeBaseStructInit                   0x08003341   Thumb Code    18  stm32f10x_tim.o(.text)
    TIM_OCStructInit                         0x08003353   Thumb Code    20  stm32f10x_tim.o(.text)
    TIM_ICStructInit                         0x08003367   Thumb Code    18  stm32f10x_tim.o(.text)
    TIM_BDTRStructInit                       0x08003379   Thumb Code    40  stm32f10x_tim.o(.text)
    TIM_Cmd                                  0x080033a1   Thumb Code    24  stm32f10x_tim.o(.text)
    TIM_CtrlPWMOutputs                       0x080033b9   Thumb Code    30  stm32f10x_tim.o(.text)
    TIM_ITConfig                             0x080033d7   Thumb Code    18  stm32f10x_tim.o(.text)
    TIM_GenerateEvent                        0x080033e9   Thumb Code     4  stm32f10x_tim.o(.text)
    TIM_DMAConfig                            0x080033ed   Thumb Code    10  stm32f10x_tim.o(.text)
    TIM_DMACmd                               0x080033f7   Thumb Code    18  stm32f10x_tim.o(.text)
    TIM_InternalClockConfig                  0x08003409   Thumb Code    12  stm32f10x_tim.o(.text)
    TIM_SelectInputTrigger                   0x08003415   Thumb Code    18  stm32f10x_tim.o(.text)
    TIM_ITRxExternalClockConfig              0x08003427   Thumb Code    24  stm32f10x_tim.o(.text)
    TIM_TIxExternalClockConfig               0x0800343f   Thumb Code    62  stm32f10x_tim.o(.text)
    TIM_ETRConfig                            0x0800347d   Thumb Code    28  stm32f10x_tim.o(.text)
    TIM_ETRClockMode1Config                  0x08003499   Thumb Code    54  stm32f10x_tim.o(.text)
    TIM_ETRClockMode2Config                  0x080034cf   Thumb Code    32  stm32f10x_tim.o(.text)
    TIM_PrescalerConfig                      0x080034ef   Thumb Code     6  stm32f10x_tim.o(.text)
    TIM_CounterModeConfig                    0x080034f5   Thumb Code    18  stm32f10x_tim.o(.text)
    TIM_EncoderInterfaceConfig               0x08003507   Thumb Code    66  stm32f10x_tim.o(.text)
    TIM_ForcedOC1Config                      0x08003549   Thumb Code    18  stm32f10x_tim.o(.text)
    TIM_ForcedOC2Config                      0x0800355b   Thumb Code    26  stm32f10x_tim.o(.text)
    TIM_ForcedOC3Config                      0x08003575   Thumb Code    18  stm32f10x_tim.o(.text)
    TIM_ForcedOC4Config                      0x08003587   Thumb Code    26  stm32f10x_tim.o(.text)
    TIM_ARRPreloadConfig                     0x080035a1   Thumb Code    24  stm32f10x_tim.o(.text)
    TIM_SelectCOM                            0x080035b9   Thumb Code    24  stm32f10x_tim.o(.text)
    TIM_SelectCCDMA                          0x080035d1   Thumb Code    24  stm32f10x_tim.o(.text)
    TIM_CCPreloadControl                     0x080035e9   Thumb Code    24  stm32f10x_tim.o(.text)
    TIM_OC1PreloadConfig                     0x08003601   Thumb Code    18  stm32f10x_tim.o(.text)
    TIM_OC2PreloadConfig                     0x08003613   Thumb Code    26  stm32f10x_tim.o(.text)
    TIM_OC3PreloadConfig                     0x0800362d   Thumb Code    18  stm32f10x_tim.o(.text)
    TIM_OC4PreloadConfig                     0x0800363f   Thumb Code    26  stm32f10x_tim.o(.text)
    TIM_OC1FastConfig                        0x08003659   Thumb Code    18  stm32f10x_tim.o(.text)
    TIM_OC2FastConfig                        0x0800366b   Thumb Code    26  stm32f10x_tim.o(.text)
    TIM_OC3FastConfig                        0x08003685   Thumb Code    18  stm32f10x_tim.o(.text)
    TIM_OC4FastConfig                        0x08003697   Thumb Code    26  stm32f10x_tim.o(.text)
    TIM_ClearOC1Ref                          0x080036b1   Thumb Code    18  stm32f10x_tim.o(.text)
    TIM_ClearOC2Ref                          0x080036c3   Thumb Code    24  stm32f10x_tim.o(.text)
    TIM_ClearOC3Ref                          0x080036db   Thumb Code    18  stm32f10x_tim.o(.text)
    TIM_ClearOC4Ref                          0x080036ed   Thumb Code    24  stm32f10x_tim.o(.text)
    TIM_OC1PolarityConfig                    0x08003705   Thumb Code    18  stm32f10x_tim.o(.text)
    TIM_OC1NPolarityConfig                   0x08003717   Thumb Code    18  stm32f10x_tim.o(.text)
    TIM_OC2PolarityConfig                    0x08003729   Thumb Code    26  stm32f10x_tim.o(.text)
    TIM_OC2NPolarityConfig                   0x08003743   Thumb Code    26  stm32f10x_tim.o(.text)
    TIM_OC3PolarityConfig                    0x0800375d   Thumb Code    26  stm32f10x_tim.o(.text)
    TIM_OC3NPolarityConfig                   0x08003777   Thumb Code    26  stm32f10x_tim.o(.text)
    TIM_OC4PolarityConfig                    0x08003791   Thumb Code    26  stm32f10x_tim.o(.text)
    TIM_CCxCmd                               0x080037ab   Thumb Code    30  stm32f10x_tim.o(.text)
    TIM_CCxNCmd                              0x080037c9   Thumb Code    30  stm32f10x_tim.o(.text)
    TIM_SelectOCxM                           0x080037e7   Thumb Code    82  stm32f10x_tim.o(.text)
    TIM_UpdateDisableConfig                  0x08003839   Thumb Code    24  stm32f10x_tim.o(.text)
    TIM_UpdateRequestConfig                  0x08003851   Thumb Code    24  stm32f10x_tim.o(.text)
    TIM_SelectHallSensor                     0x08003869   Thumb Code    24  stm32f10x_tim.o(.text)
    TIM_SelectOnePulseMode                   0x08003881   Thumb Code    18  stm32f10x_tim.o(.text)
    TIM_SelectOutputTrigger                  0x08003893   Thumb Code    18  stm32f10x_tim.o(.text)
    TIM_SelectSlaveMode                      0x080038a5   Thumb Code    18  stm32f10x_tim.o(.text)
    TIM_SelectMasterSlaveMode                0x080038b7   Thumb Code    18  stm32f10x_tim.o(.text)
    TIM_SetCounter                           0x080038c9   Thumb Code     4  stm32f10x_tim.o(.text)
    TIM_SetAutoreload                        0x080038cd   Thumb Code     4  stm32f10x_tim.o(.text)
    TIM_SetCompare1                          0x080038d1   Thumb Code     4  stm32f10x_tim.o(.text)
    TIM_SetCompare2                          0x080038d5   Thumb Code     4  stm32f10x_tim.o(.text)
    TIM_SetCompare3                          0x080038d9   Thumb Code     4  stm32f10x_tim.o(.text)
    TIM_SetCompare4                          0x080038dd   Thumb Code     6  stm32f10x_tim.o(.text)
    TIM_SetClockDivision                     0x080038e3   Thumb Code    18  stm32f10x_tim.o(.text)
    TIM_GetCapture1                          0x080038f5   Thumb Code     6  stm32f10x_tim.o(.text)
    TIM_GetCapture2                          0x080038fb   Thumb Code     6  stm32f10x_tim.o(.text)
    TIM_GetCapture3                          0x08003901   Thumb Code     6  stm32f10x_tim.o(.text)
    TIM_GetCapture4                          0x08003907   Thumb Code     8  stm32f10x_tim.o(.text)
    TIM_GetCounter                           0x0800390f   Thumb Code     6  stm32f10x_tim.o(.text)
    TIM_GetPrescaler                         0x08003915   Thumb Code     6  stm32f10x_tim.o(.text)
    TIM_GetFlagStatus                        0x0800391b   Thumb Code    18  stm32f10x_tim.o(.text)
    TIM_ClearFlag                            0x0800392d   Thumb Code     6  stm32f10x_tim.o(.text)
    TIM_GetITStatus                          0x08003933   Thumb Code    34  stm32f10x_tim.o(.text)
    TIM_ClearITPendingBit                    0x08003955   Thumb Code     6  stm32f10x_tim.o(.text)
    IWDG_WriteAccessCmd                      0x0800395d   Thumb Code     6  stm32f10x_iwdg.o(.text)
    IWDG_SetPrescaler                        0x08003963   Thumb Code     6  stm32f10x_iwdg.o(.text)
    IWDG_SetReload                           0x08003969   Thumb Code     6  stm32f10x_iwdg.o(.text)
    IWDG_ReloadCounter                       0x0800396f   Thumb Code    10  stm32f10x_iwdg.o(.text)
    IWDG_Enable                              0x08003979   Thumb Code    10  stm32f10x_iwdg.o(.text)
    IWDG_GetFlagStatus                       0x08003983   Thumb Code    20  stm32f10x_iwdg.o(.text)
    USART_DeInit                             0x0800399d   Thumb Code   134  stm32f10x_usart.o(.text)
    USART_Init                               0x08003a23   Thumb Code   210  stm32f10x_usart.o(.text)
    USART_StructInit                         0x08003af5   Thumb Code    24  stm32f10x_usart.o(.text)
    USART_ClockInit                          0x08003b0d   Thumb Code    34  stm32f10x_usart.o(.text)
    USART_ClockStructInit                    0x08003b2f   Thumb Code    12  stm32f10x_usart.o(.text)
    USART_Cmd                                0x08003b3b   Thumb Code    24  stm32f10x_usart.o(.text)
    USART_ITConfig                           0x08003b53   Thumb Code    74  stm32f10x_usart.o(.text)
    USART_DMACmd                             0x08003b9d   Thumb Code    18  stm32f10x_usart.o(.text)
    USART_SetAddress                         0x08003baf   Thumb Code    18  stm32f10x_usart.o(.text)
    USART_WakeUpConfig                       0x08003bc1   Thumb Code    18  stm32f10x_usart.o(.text)
    USART_ReceiverWakeUpCmd                  0x08003bd3   Thumb Code    24  stm32f10x_usart.o(.text)
    USART_LINBreakDetectLengthConfig         0x08003beb   Thumb Code    18  stm32f10x_usart.o(.text)
    USART_LINCmd                             0x08003bfd   Thumb Code    24  stm32f10x_usart.o(.text)
    USART_SendData                           0x08003c15   Thumb Code     8  stm32f10x_usart.o(.text)
    USART_ReceiveData                        0x08003c1d   Thumb Code    10  stm32f10x_usart.o(.text)
    USART_SendBreak                          0x08003c27   Thumb Code    10  stm32f10x_usart.o(.text)
    USART_SetGuardTime                       0x08003c31   Thumb Code    16  stm32f10x_usart.o(.text)
    USART_SetPrescaler                       0x08003c41   Thumb Code    16  stm32f10x_usart.o(.text)
    USART_SmartCardCmd                       0x08003c51   Thumb Code    24  stm32f10x_usart.o(.text)
    USART_SmartCardNACKCmd                   0x08003c69   Thumb Code    24  stm32f10x_usart.o(.text)
    USART_HalfDuplexCmd                      0x08003c81   Thumb Code    24  stm32f10x_usart.o(.text)
    USART_OverSampling8Cmd                   0x08003c99   Thumb Code    22  stm32f10x_usart.o(.text)
    USART_OneBitMethodCmd                    0x08003caf   Thumb Code    24  stm32f10x_usart.o(.text)
    USART_IrDAConfig                         0x08003cc7   Thumb Code    18  stm32f10x_usart.o(.text)
    USART_IrDACmd                            0x08003cd9   Thumb Code    24  stm32f10x_usart.o(.text)
    USART_GetFlagStatus                      0x08003cf1   Thumb Code    26  stm32f10x_usart.o(.text)
    USART_ClearFlag                          0x08003d0b   Thumb Code    18  stm32f10x_usart.o(.text)
    USART_GetITStatus                        0x08003d1d   Thumb Code    84  stm32f10x_usart.o(.text)
    USART_ClearITPendingBit                  0x08003d71   Thumb Code    52  stm32f10x_usart.o(.text)
    SystemInit                               0x08003e83   Thumb Code    78  system_stm32f10x.o(.text)
    SystemCoreClockUpdate                    0x08003ed1   Thumb Code   142  system_stm32f10x.o(.text)
    delay                                    0x08003f8d   Thumb Code    12  common.o(.text)
    system_reset                             0x08003f99   Thumb Code    38  common.o(.text)
    str_picked                               0x08003fbf   Thumb Code   114  common.o(.text)
    mem_str                                  0x08004031   Thumb Code   100  common.o(.text)
    mem_picked                               0x08004095   Thumb Code    88  common.o(.text)
    itoa                                     0x080040ed   Thumb Code    98  common.o(.text)
    flash_page_erase                         0x08004159   Thumb Code    58  flash.o(.text)
    flash_write_data                         0x08004193   Thumb Code    64  flash.o(.text)
    flash_read_data                          0x080041d3   Thumb Code    32  flash.o(.text)
    flash_write_byte                         0x080041f3   Thumb Code    36  flash.o(.text)
    flash_read_byte                          0x08004217   Thumb Code     6  flash.o(.text)
    ftp_size                                 0x0800421d   Thumb Code   260  ftp.o(.text)
    ftp_get                                  0x08004321   Thumb Code   230  ftp.o(.text)
    ftp_read_data                            0x08004407   Thumb Code   302  ftp.o(.text)
    ftp_download_app                         0x08004535   Thumb Code   180  ftp.o(.text)
    ftp_download_ini                         0x080045e9   Thumb Code   300  ftp.o(.text)
    send_at_cmd                              0x0800473d   Thumb Code   222  gprs.o(.text)
    gprs_init                                0x0800481b   Thumb Code   396  gprs.o(.text)
    main                                     0x08004ab5   Thumb Code   250  main.o(.text)
    TIM2_IRQHandler                          0x08004bc9   Thumb Code   120  timer.o(.text)
    delay_1ms                                0x08004c41   Thumb Code    16  timer.o(.text)
    is_timeout_1MS                           0x08004c51   Thumb Code    34  timer.o(.text)
    USART2_IRQHandler                        0x08004c85   Thumb Code   138  uart.o(.text)
    receive_data                             0x08004d0f   Thumb Code    60  uart.o(.text)
    USART_OUT                                0x08004d4b   Thumb Code   262  uart.o(.text)
    get_app_size                             0x08004e65   Thumb Code    34  updata.o(.text)
    get_app_check_sum                        0x08004e87   Thumb Code    54  updata.o(.text)
    rcc_config                               0x08004ec1   Thumb Code   114  bsp.o(.text)
    iwatchdog_config                         0x08004f33   Thumb Code    34  bsp.o(.text)
    iwatchdog_clear                          0x08004f55   Thumb Code     8  bsp.o(.text)
    gpio_config                              0x08004f5d   Thumb Code   168  bsp.o(.text)
    timer2_config                            0x08005005   Thumb Code    72  bsp.o(.text)
    gprs_config                              0x0800504d   Thumb Code    80  bsp.o(.text)
    uart2_config                             0x0800509d   Thumb Code    80  bsp.o(.text)
    nvic_config                              0x080050ed   Thumb Code    88  bsp.o(.text)
    bsp_init                                 0x08005145   Thumb Code    28  bsp.o(.text)
    __aeabi_memcpy                           0x08005179   Thumb Code    36  memcpya.o(.text)
    __aeabi_memcpy4                          0x08005179   Thumb Code     0  memcpya.o(.text)
    __aeabi_memcpy8                          0x08005179   Thumb Code     0  memcpya.o(.text)
    __aeabi_memset                           0x0800519d   Thumb Code    14  memseta.o(.text)
    __aeabi_memset4                          0x0800519d   Thumb Code     0  memseta.o(.text)
    __aeabi_memset8                          0x0800519d   Thumb Code     0  memseta.o(.text)
    __aeabi_memclr                           0x080051ab   Thumb Code     4  memseta.o(.text)
    __aeabi_memclr4                          0x080051ab   Thumb Code     0  memseta.o(.text)
    __aeabi_memclr8                          0x080051ab   Thumb Code     0  memseta.o(.text)
    _memset$wrapper                          0x080051af   Thumb Code    18  memseta.o(.text)
    strcat                                   0x080051c1   Thumb Code    24  strcat.o(.text)
    strstr                                   0x080051d9   Thumb Code    36  strstr.o(.text)
    strlen                                   0x080051fd   Thumb Code    14  strlen.o(.text)
    memcmp                                   0x0800520b   Thumb Code    26  memcmp.o(.text)
    atoi                                     0x08005225   Thumb Code    26  atoi.o(.text)
    strtol                                   0x0800523f   Thumb Code   112  strtol.o(.text)
    __scatterload                            0x080052b1   Thumb Code    28  init.o(.text)
    __scatterload_rt2                        0x080052b1   Thumb Code     0  init.o(.text)
    __rt_ctype_table                         0x080052d5   Thumb Code     4  ctype_o.o(.text)
    _strtoul                                 0x080052dd   Thumb Code   158  _strtoul.o(.text)
    _chval                                   0x0800537b   Thumb Code    28  _chval.o(.text)
    __aeabi_errno_addr                       0x08005399   Thumb Code     4  errno.o(i.__aeabi_errno_addr)
    __rt_errno_addr                          0x08005399   Thumb Code     0  errno.o(i.__aeabi_errno_addr)
    __scatterload_copy                       0x080053a1   Thumb Code    14  handlers.o(i.__scatterload_copy)
    __scatterload_null                       0x080053af   Thumb Code     2  handlers.o(i.__scatterload_null)
    __scatterload_zeroinit                   0x080053b1   Thumb Code    14  handlers.o(i.__scatterload_zeroinit)
    __ctype_table                            0x080053be   Data         129  ctype_o.o(.constdata)
    Region$$Table$$Base                      0x08005444   Number         0  anon$$obj.o(Region$$Table)
    Region$$Table$$Limit                     0x08005464   Number         0  anon$$obj.o(Region$$Table)
    SystemCoreClock                          0x20000014   Data           4  system_stm32f10x.o(.data)
    AHBPrescTable                            0x20000018   Data          16  system_stm32f10x.o(.data)
    gprs_status                              0x20000028   Data           1  gprs.o(.data)
    send_at_flag                             0x20000029   Data           1  gprs.o(.data)
    g_delay_cnt                              0x2000002c   Data           4  timer.o(.data)
    gt                                       0x20000030   Data           4  timer.o(.data)
    rece_buff2                               0x20000034   Data           4  uart.o(.data)
    rece_over_flag                           0x20000038   Data           1  uart.o(.data)
    g_tim_cnt                                0x20000040   Data          36  timer.o(.bss)
    __initial_sp                             0x20000668   Data           0  startup_stm32f10x_hd.o(STACK)



==============================================================================

Memory Map of the image

  Image Entry point : 0x08001d31

  Load Region LR_IROM1 (Base: 0x08001c00, Size: 0x000038a4, Max: 0x00004800, ABSOLUTE)

    Execution Region ER_IROM1 (Base: 0x08001c00, Size: 0x00003864, Max: 0x00004800, ABSOLUTE)

    Base Addr    Size         Type   Attr      Idx    E Section Name        Object

    0x08001c00   0x00000130   Data   RO            3    RESET               startup_stm32f10x_hd.o
    0x08001d30   0x00000000   Code   RO          327  * .ARM.Collect$$$$00000000  mc_w.l(entry.o)
    0x08001d30   0x00000004   Code   RO          346    .ARM.Collect$$$$00000001  mc_w.l(entry2.o)
    0x08001d34   0x00000004   Code   RO          349    .ARM.Collect$$$$00000004  mc_w.l(entry5.o)
    0x08001d38   0x00000000   Code   RO          351    .ARM.Collect$$$$00000008  mc_w.l(entry7b.o)
    0x08001d38   0x00000000   Code   RO          353    .ARM.Collect$$$$0000000A  mc_w.l(entry8b.o)
    0x08001d38   0x00000008   Code   RO          354    .ARM.Collect$$$$0000000B  mc_w.l(entry9a.o)
    0x08001d40   0x00000000   Code   RO          356    .ARM.Collect$$$$0000000D  mc_w.l(entry10a.o)
    0x08001d40   0x00000000   Code   RO          358    .ARM.Collect$$$$0000000F  mc_w.l(entry11a.o)
    0x08001d40   0x00000004   Code   RO          347    .ARM.Collect$$$$00002712  mc_w.l(entry2.o)
    0x08001d44   0x00000024   Code   RO            4    .text               startup_stm32f10x_hd.o
    0x08001d68   0x00000114   Code   RO           10    .text               misc.o
    0x08001e7c   0x0000035c   Code   RO           49    .text               stm32f10x_gpio.o
    0x080021d8   0x000003ac   Code   RO           61    .text               stm32f10x_rcc.o
    0x08002584   0x000005bc   Code   RO           75    .text               stm32f10x_flash.o
    0x08002b40   0x00000e1a   Code   RO           90    .text               stm32f10x_tim.o
    0x0800395a   0x00000002   PAD
    0x0800395c   0x00000040   Code   RO          105    .text               stm32f10x_iwdg.o
    0x0800399c   0x00000408   Code   RO          120    .text               stm32f10x_usart.o
    0x08003da4   0x000001e8   Code   RO          145    .text               system_stm32f10x.o
    0x08003f8c   0x000001cc   Code   RO          163    .text               common.o
    0x08004158   0x000000c4   Code   RO          188    .text               flash.o
    0x0800421c   0x00000520   Code   RO          203    .text               ftp.o
    0x0800473c   0x00000378   Code   RO          229    .text               gprs.o
    0x08004ab4   0x00000114   Code   RO          248    .text               main.o
    0x08004bc8   0x000000bc   Code   RO          264    .text               timer.o
    0x08004c84   0x000001e0   Code   RO          283    .text               uart.o
    0x08004e64   0x0000005c   Code   RO          303    .text               updata.o
    0x08004ec0   0x000002b8   Code   RO          315    .text               bsp.o
    0x08005178   0x00000024   Code   RO          330    .text               mc_w.l(memcpya.o)
    0x0800519c   0x00000024   Code   RO          332    .text               mc_w.l(memseta.o)
    0x080051c0   0x00000018   Code   RO          334    .text               mc_w.l(strcat.o)
    0x080051d8   0x00000024   Code   RO          336    .text               mc_w.l(strstr.o)
    0x080051fc   0x0000000e   Code   RO          338    .text               mc_w.l(strlen.o)
    0x0800520a   0x0000001a   Code   RO          340    .text               mc_w.l(memcmp.o)
    0x08005224   0x0000001a   Code   RO          344    .text               mc_w.l(atoi.o)
    0x0800523e   0x00000070   Code   RO          367    .text               mc_w.l(strtol.o)
    0x080052ae   0x00000002   PAD
    0x080052b0   0x00000024   Code   RO          369    .text               mc_w.l(init.o)
    0x080052d4   0x00000008   Code   RO          371    .text               mc_w.l(ctype_o.o)
    0x080052dc   0x0000009e   Code   RO          399    .text               mc_w.l(_strtoul.o)
    0x0800537a   0x0000001c   Code   RO          401    .text               mc_w.l(_chval.o)
    0x08005396   0x00000002   PAD
    0x08005398   0x00000008   Code   RO          360    i.__aeabi_errno_addr  mc_w.l(errno.o)
    0x080053a0   0x0000000e   Code   RO          405    i.__scatterload_copy  mc_w.l(handlers.o)
    0x080053ae   0x00000002   Code   RO          406    i.__scatterload_null  mc_w.l(handlers.o)
    0x080053b0   0x0000000e   Code   RO          407    i.__scatterload_zeroinit  mc_w.l(handlers.o)
    0x080053be   0x00000081   Data   RO          372    .constdata          mc_w.l(ctype_o.o)
    0x0800543f   0x00000001   PAD
    0x08005440   0x00000004   Data   RO          373    .constdata          mc_w.l(ctype_o.o)
    0x08005444   0x00000020   Data   RO          403    Region$$Table       anon$$obj.o


    Execution Region RW_IRAM1 (Base: 0x20000000, Size: 0x00000668, Max: 0x00005000, ABSOLUTE)

    Base Addr    Size         Type   Attr      Idx    E Section Name        Object

    0x20000000   0x00000014   Data   RW           62    .data               stm32f10x_rcc.o
    0x20000014   0x00000014   Data   RW          146    .data               system_stm32f10x.o
    0x20000028   0x00000002   Data   RW          230    .data               gprs.o
    0x2000002a   0x00000002   PAD
    0x2000002c   0x00000008   Data   RW          266    .data               timer.o
    0x20000034   0x00000005   Data   RW          285    .data               uart.o
    0x20000039   0x00000003   PAD
    0x2000003c   0x00000004   Data   RW          363    .data               mc_w.l(errno.o)
    0x20000040   0x00000024   Zero   RW          265    .bss                timer.o
    0x20000064   0x00000202   Zero   RW          284    .bss                uart.o
    0x20000266   0x00000002   PAD
    0x20000268   0x00000400   Zero   RW            1    STACK               startup_stm32f10x_hd.o


==============================================================================

Image component sizes


      Code (inc. data)   RO Data    RW Data    ZI Data      Debug   Object Name

       696         24          0          0          0       1966   bsp.o
       460         10          0          0          0      18467   common.o
       196          0          0          0          0       2237   flash.o
      1312        188          0          0          0       3961   ftp.o
       888        282          0          2          0       1912   gprs.o
       276         26          0          0          0        735   main.o
       276         26          0          0          0     226861   misc.o
        36          8        304          0       1024        828   startup_stm32f10x_hd.o
      1468         34          0          0          0      14474   stm32f10x_flash.o
       860         38          0          0          0       5677   stm32f10x_gpio.o
        64          6          0          0          0       1257   stm32f10x_iwdg.o
       940         44          0         20          0       8844   stm32f10x_rcc.o
      3610         88          0          0          0      43112   stm32f10x_tim.o
      1032         22          0          0          0      14424   stm32f10x_usart.o
       488         46          0         20          0       1771   system_stm32f10x.o
       188         18          0          8         36       1582   timer.o
       480         20          0          5        514       2654   uart.o
        92          4          0          0          0        865   updata.o

    ----------------------------------------------------------------------
     13364        884        336         60       1576     351627   Object Totals
         0          0         32          0          0          0   (incl. Generated)
         2          0          0          5          2          0   (incl. Padding)

    ----------------------------------------------------------------------

      Code (inc. data)   RO Data    RW Data    ZI Data      Debug   Library Member Name

        28          0          0          0          0         68   _chval.o
       158          0          0          0          0         92   _strtoul.o
        26          0          0          0          0         80   atoi.o
         8          4        133          0          0         68   ctype_o.o
         0          0          0          0          0          0   entry.o
         0          0          0          0          0          0   entry10a.o
         0          0          0          0          0          0   entry11a.o
         8          4          0          0          0          0   entry2.o
         4          0          0          0          0          0   entry5.o
         0          0          0          0          0          0   entry7b.o
         0          0          0          0          0          0   entry8b.o
         8          4          0          0          0          0   entry9a.o
         8          4          0          4          0         68   errno.o
        30          0          0          0          0          0   handlers.o
        36          8          0          0          0         68   init.o
        26          0          0          0          0         80   memcmp.o
        36          0          0          0          0         68   memcpya.o
        36          0          0          0          0        108   memseta.o
        24          0          0          0          0         68   strcat.o
        14          0          0          0          0         68   strlen.o
        36          0          0          0          0         80   strstr.o
       112          0          0          0          0         88   strtol.o

    ----------------------------------------------------------------------
       602         24        134          4          0       1004   Library Totals
         4          0          1          0          0          0   (incl. Padding)

    ----------------------------------------------------------------------

      Code (inc. data)   RO Data    RW Data    ZI Data      Debug   Library Name

       598         24        133          4          0       1004   mc_w.l

    ----------------------------------------------------------------------
       602         24        134          4          0       1004   Library Totals

    ----------------------------------------------------------------------

==============================================================================


      Code (inc. data)   RO Data    RW Data    ZI Data      Debug   

     13966        908        470         64       1576     350703   Grand Totals
     13966        908        470         64       1576     350703   ELF Image Totals
     13966        908        470         64          0          0   ROM Totals

==============================================================================

    Total RO  Size (Code + RO Data)                14436 (  14.10kB)
    Total RW  Size (RW Data + ZI Data)              1640 (   1.60kB)
    Total ROM Size (Code + RO Data + RW Data)      14500 (  14.16kB)

==============================================================================

