<html>
<body>
<pre>
<h1>µVision Build Log</h1>
<h2>Tool Versions:</h2>
IDE-Version: ¦ÌVision V5.14.2
Copyright (C) 2015 ARM Ltd and ARM Germany GmbH. All rights reserved.
License Information: Cortex-M3, roadlighting, LIC=W96Z9-4G1Q3-UKJB6-D8QLY-XJRC1-YH6PP
 
Tool Versions:
Toolchain:       MDK-ARM Professional  Version: 5.15.0
Toolchain Path:  D:\Keil_v5\ARM\ARMCC\Bin
C Compiler:      Armcc.exe V5.05 update 2 (build 169)
Assembler:       Armasm.exe V5.05 update 2 (build 169)
Linker/Locator:  ArmLink.exe V5.05 update 2 (build 169)
Library Manager: ArmAr.exe V5.05 update 2 (build 169)
Hex Converter:   FromElf.exe V5.05 update 2 (build 169)
CPU DLL:         SARMCM3.DLL V5.15.0
Dialog DLL:      DARMSTM.DLL V1.65.0.0
Target DLL:      Segger\JL2CM3.dll V2.99.15.0
Dialog DLL:      TARMSTM.DLL V1.64.0.0
 
<h2>Project:</h2>
E:\George\projects\bootloader\ftp_clinet_v4.0\ftp_clinet.uvproj
Project File Date:  08/31/2015

<h2>Output:</h2>
*** Using Compiler 'V5.05 update 2 (build 169)', folder: 'D:\Keil_v5\ARM\ARMCC\Bin'
Rebuild target 'ftp_client'
assembling startup_stm32f10x_hd.s...
compiling stm32f10x_gpio.c...
compiling stm32f10x_rcc.c...
compiling stm32f10x_flash.c...
compiling stm32f10x_usart.c...
compiling misc.c...
compiling stm32f10x_tim.c...
compiling stm32f10x_iwdg.c...
compiling core_cm3.c...
compiling system_stm32f10x.c...
compiling main.c...
compiling uart.c...
compiling common.c...
compiling flash.c...
compiling updata.c...
compiling gprs.c...
compiling ftp.c...
compiling timer.c...
compiling bsp.c...
linking...
Program Size: Code=13966 RO-data=470 RW-data=60 ZI-data=1580  
After Build - User command #1: fromelf.exe --bin -o./Obj/bootloader_v10.bin ./Obj/bootloader_v10.axf
After Build - User command #2: fromelf.exe --i32 -o./Obj/bootloader_v10.hex ./Obj/bootloader_v10.axf
".\Obj\bootloader_v10.axf" - 0 Error(s), 0 Warning(s).
</pre>
</body>
</html>
