<html>
<body>
<pre>
<h1>µVision Build Log</h1>
<h2>Tool Versions:</h2>
IDE-Version: ¦ÌVision V5.17.0.0
Copyright (C) 2015 ARM Ltd and ARM Germany GmbH. All rights reserved.
License Information: gg gg, gg, LIC=UB4Y8-3FAKY-21RPS-L3K9W-6MJ3Q-9F90H
 
Tool Versions:
Toolchain:       MDK-ARM Professional  Version: 5.17
Toolchain Path:  d:\Keil_v5\ARM\ARMCC\Bin
C Compiler:      Armcc.exe V5.06 update 1 (build 61)
Assembler:       Armasm.exe V5.06 update 1 (build 61)
Linker/Locator:  ArmLink.exe V5.06 update 1 (build 61)
Library Manager: ArmAr.exe V5.06 update 1 (build 61)
Hex Converter:   FromElf.exe V5.06 update 1 (build 61)
CPU DLL:         SARMCM3.DLL V5.17
Dialog DLL:      DCM.DLL V1.13.4.0
Target DLL:      Segger\JL2CM3.dll V2.99.16.0
Dialog DLL:      TCM.DLL V1.14.6.0
 
<h2>Project:</h2>
F:\RoadLighting\projects\bootloader\ftp_clinet_v4.0\ftp_clinet.uvprojx
Project File Date:  <unknown>

<h2>Output:</h2>
*** Using Compiler 'V5.06 update 1 (build 61)', folder: 'd:\Keil_v5\ARM\ARMCC\Bin'
Build target 'ftp_clinet'
assembling startup_stm32f10x_hd.s...
compiling stm32f10x_gpio.c...
compiling stm32f10x_rcc.c...
compiling stm32f10x_flash.c...
compiling misc.c...
compiling stm32f10x_usart.c...
compiling stm32f10x_tim.c...
compiling stm32f10x_iwdg.c...
compiling core_cm3.c...
compiling main.c...
compiling system_stm32f10x.c...
compiling uart.c...
compiling updata.c...
compiling flash.c...
compiling common.c...
compiling gprs.c...
compiling ftp.c...
compiling timer.c...
compiling bsp.c...
linking...
Program Size: Code=13966 RO-data=470 RW-data=60 ZI-data=1580  
After Build - User command #1: fromelf.exe --bin -o./Obj/ftp_clinet.bin ./Obj/ftp_clinet.axf
After Build - User command #2: fromelf.exe --i32 -o./Obj/ftp_clinet.hex ./Obj/ftp_clinet.axf
".\Obj\ftp_clinet.axf" - 0 Error(s), 0 Warning(s).

<h2>Collection of Component include folders:</h2>
  F:\RoadLighting\projects\bootloader\ftp_clinet_v4.0\RTE
  d:\Keil_v5\ARM\PACK\Keil\STM32F1xx_DFP\2.2.0\Device\Include

<h2>Collection of Component Files used:</h2>
Build Time Elapsed:  00:00:12
</pre>
</body>
</html>
